learner on mps, 10 workers, sims=16
[25/10000] warmup | plies 118 decisive 48% | buffer 2940 steps 0 | 213.4 g/min eta 0.8h
[50/10000] loss 3.525 (pi 3.264 v 0.092 q 0.139 c 0.059) | plies 124 decisive 46% | buffer 6186 steps 17 | 231.5 g/min eta 0.7h
[75/10000] loss 3.039 (pi 2.836 v 0.086 q 0.096 c 0.042) | plies 129 decisive 41% | buffer 9710 steps 64 | 232.6 g/min eta 0.7h
[100/10000] loss 2.775 (pi 2.621 v 0.076 q 0.063 c 0.028) | plies 134 decisive 34% | buffer 13443 steps 111 | 224.7 g/min eta 0.7h
[125/10000] loss 2.627 (pi 2.509 v 0.067 q 0.042 c 0.018) | plies 137 decisive 30% | buffer 17069 steps 158 | 221.4 g/min eta 0.7h
[150/10000] loss 2.559 (pi 2.463 v 0.060 q 0.029 c 0.013) | plies 136 decisive 29% | buffer 20440 steps 204 | 223.3 g/min eta 0.7h
[175/10000] loss 2.533 (pi 2.456 v 0.053 q 0.020 c 0.009) | plies 138 decisive 28% | buffer 24130 steps 252 | 223.4 g/min eta 0.7h
[200/10000] loss 2.528 (pi 2.462 v 0.049 q 0.014 c 0.007) | plies 139 decisive 28% | buffer 27847 steps 300 | 221.9 g/min eta 0.7h
[225/10000] loss 2.517 (pi 2.458 v 0.046 q 0.010 c 0.005) | plies 144 decisive 22% | buffer 31767 steps 349 | 220.9 g/min eta 0.7h
[250/10000] loss 2.515 (pi 2.460 v 0.044 q 0.008 c 0.004) | plies 146 decisive 19% | buffer 35339 steps 395 | 222.1 g/min eta 0.7h
[275/10000] loss 2.515 (pi 2.465 v 0.042 q 0.007 c 0.003) | plies 145 decisive 18% | buffer 38804 steps 441 | 220.7 g/min eta 0.7h
[300/10000] loss 2.521 (pi 2.475 v 0.040 q 0.005 c 0.003) | plies 145 decisive 18% | buffer 42461 steps 489 | 221.3 g/min eta 0.7h
[325/10000] loss 2.531 (pi 2.487 v 0.038 q 0.005 c 0.002) | plies 146 decisive 18% | buffer 46325 steps 538 | 220.3 g/min eta 0.7h
[350/10000] loss 2.535 (pi 2.493 v 0.037 q 0.004 c 0.002) | plies 148 decisive 16% | buffer 50106 steps 586 | 218.4 g/min eta 0.7h
[375/10000] loss 2.532 (pi 2.492 v 0.036 q 0.004 c 0.002) | plies 148 decisive 16% | buffer 53684 steps 633 | 219.4 g/min eta 0.7h
[400/10000] loss 2.528 (pi 2.490 v 0.034 q 0.003 c 0.002) | plies 148 decisive 14% | buffer 57511 steps 682 | 219.0 g/min eta 0.7h
[425/10000] loss 2.529 (pi 2.492 v 0.033 q 0.003 c 0.002) | plies 147 decisive 16% | buffer 61149 steps 729 | 219.5 g/min eta 0.7h
[450/10000] loss 2.526 (pi 2.491 v 0.032 q 0.003 c 0.001) | plies 148 decisive 14% | buffer 64938 steps 778 | 218.6 g/min eta 0.7h
[475/10000] loss 2.527 (pi 2.492 v 0.032 q 0.003 c 0.001) | plies 148 decisive 15% | buffer 68428 steps 823 | 219.0 g/min eta 0.7h
[500/10000] loss 2.524 (pi 2.490 v 0.031 q 0.003 c 0.001) | plies 148 decisive 14% | buffer 72030 steps 869 | 218.6 g/min eta 0.7h
  EVAL @500: q-greedy 1-20-3 | policy-greedy 0-23-1 | search 5-3-0 (eval 23s)
[525/10000] loss 2.518 (pi 2.484 v 0.030 q 0.003 c 0.001) | plies 147 decisive 16% | buffer 75707 steps 917 | 175.6 g/min eta 0.9h
[550/10000] loss 2.515 (pi 2.482 v 0.030 q 0.002 c 0.001) | plies 147 decisive 16% | buffer 79442 steps 965 | 181.2 g/min eta 0.9h
[575/10000] loss 2.515 (pi 2.482 v 0.031 q 0.002 c 0.001) | plies 147 decisive 15% | buffer 83173 steps 1012 | 186.7 g/min eta 0.8h
[600/10000] loss 2.510 (pi 2.477 v 0.030 q 0.002 c 0.001) | plies 146 decisive 16% | buffer 86810 steps 1060 | 191.9 g/min eta 0.8h
[625/10000] loss 2.506 (pi 2.473 v 0.029 q 0.002 c 0.001) | plies 146 decisive 17% | buffer 90278 steps 1106 | 193.6 g/min eta 0.8h
[650/10000] loss 2.505 (pi 2.473 v 0.029 q 0.002 c 0.001) | plies 146 decisive 16% | buffer 94103 steps 1155 | 194.5 g/min eta 0.8h
[675/10000] loss 2.497 (pi 2.465 v 0.029 q 0.002 c 0.001) | plies 147 decisive 16% | buffer 97791 steps 1203 | 195.2 g/min eta 0.8h
[700/10000] loss 2.494 (pi 2.463 v 0.028 q 0.002 c 0.001) | plies 147 decisive 16% | buffer 101381 steps 1250 | 196.0 g/min eta 0.8h
[725/10000] loss 2.492 (pi 2.461 v 0.028 q 0.002 c 0.001) | plies 147 decisive 16% | buffer 105037 steps 1298 | 196.6 g/min eta 0.8h
[750/10000] loss 2.490 (pi 2.459 v 0.028 q 0.002 c 0.001) | plies 147 decisive 16% | buffer 108805 steps 1347 | 197.3 g/min eta 0.8h
[775/10000] loss 2.488 (pi 2.457 v 0.028 q 0.002 c 0.001) | plies 146 decisive 16% | buffer 112471 steps 1394 | 198.1 g/min eta 0.8h
[800/10000] loss 2.486 (pi 2.456 v 0.028 q 0.002 c 0.001) | plies 147 decisive 14% | buffer 116247 steps 1443 | 198.2 g/min eta 0.8h
[825/10000] loss 2.483 (pi 2.453 v 0.027 q 0.002 c 0.001) | plies 149 decisive 14% | buffer 120061 steps 1492 | 198.3 g/min eta 0.8h
[850/10000] loss 2.480 (pi 2.451 v 0.027 q 0.002 c 0.001) | plies 149 decisive 16% | buffer 123815 steps 1540 | 199.3 g/min eta 0.8h
[875/10000] loss 2.474 (pi 2.445 v 0.026 q 0.002 c 0.001) | plies 150 decisive 14% | buffer 127716 steps 1590 | 199.2 g/min eta 0.8h
[900/10000] loss 2.470 (pi 2.442 v 0.026 q 0.002 c 0.001) | plies 150 decisive 13% | buffer 131478 steps 1638 | 199.7 g/min eta 0.8h
[925/10000] loss 2.467 (pi 2.439 v 0.026 q 0.002 c 0.001) | plies 151 decisive 14% | buffer 135203 steps 1686 | 200.3 g/min eta 0.8h
[950/10000] loss 2.459 (pi 2.431 v 0.026 q 0.002 c 0.001) | plies 151 decisive 15% | buffer 139028 steps 1736 | 200.2 g/min eta 0.8h
[975/10000] loss 2.463 (pi 2.435 v 0.026 q 0.002 c 0.001) | plies 152 decisive 15% | buffer 142771 steps 1784 | 200.8 g/min eta 0.7h
[1000/10000] loss 2.461 (pi 2.431 v 0.027 q 0.002 c 0.001) | plies 151 decisive 17% | buffer 146434 steps 1832 | 200.8 g/min eta 0.7h
  EVAL @1000: q-greedy 0-23-1 | policy-greedy 1-23-0 | search 7-1-0 (eval 25s)
[1025/10000] loss 2.463 (pi 2.434 v 0.027 q 0.002 c 0.001) | plies 150 decisive 16% | buffer 150122 steps 1880 | 181.9 g/min eta 0.8h
[1050/10000] loss 2.452 (pi 2.422 v 0.027 q 0.002 c 0.001) | plies 150 decisive 17% | buffer 153886 steps 1929 | 184.7 g/min eta 0.8h
[1075/10000] loss 2.448 (pi 2.419 v 0.027 q 0.002 c 0.001) | plies 150 decisive 17% | buffer 157751 steps 1978 | 187.6 g/min eta 0.8h
[1100/10000] loss 2.450 (pi 2.420 v 0.027 q 0.002 c 0.001) | plies 151 decisive 18% | buffer 161582 steps 2027 | 190.4 g/min eta 0.8h
[1125/10000] loss 2.446 (pi 2.417 v 0.027 q 0.002 c 0.001) | plies 151 decisive 16% | buffer 165435 steps 2076 | 191.3 g/min eta 0.8h
[1150/10000] loss 2.442 (pi 2.413 v 0.027 q 0.002 c 0.001) | plies 150 decisive 16% | buffer 169080 steps 2124 | 191.3 g/min eta 0.8h
[1175/10000] loss 2.438 (pi 2.409 v 0.027 q 0.002 c 0.001) | plies 151 decisive 14% | buffer 173065 steps 2174 | 192.0 g/min eta 0.8h
[1200/10000] loss 2.433 (pi 2.404 v 0.026 q 0.002 c 0.001) | plies 153 decisive 12% | buffer 176975 steps 2224 | 192.0 g/min eta 0.8h
[1225/10000] loss 2.432 (pi 2.404 v 0.026 q 0.002 c 0.001) | plies 152 decisive 12% | buffer 180606 steps 2271 | 192.7 g/min eta 0.8h
[1250/10000] loss 2.428 (pi 2.400 v 0.026 q 0.002 c 0.001) | plies 152 decisive 12% | buffer 184362 steps 2320 | 192.8 g/min eta 0.8h
[1275/10000] loss 2.426 (pi 2.398 v 0.026 q 0.002 c 0.001) | plies 152 decisive 12% | buffer 188191 steps 2369 | 193.3 g/min eta 0.8h
[1300/10000] loss 2.423 (pi 2.394 v 0.026 q 0.002 c 0.001) | plies 152 decisive 12% | buffer 191925 steps 2417 | 193.8 g/min eta 0.7h
[1325/10000] loss 2.421 (pi 2.393 v 0.026 q 0.002 c 0.001) | plies 151 decisive 12% | buffer 195673 steps 2465 | 193.8 g/min eta 0.7h
[1350/10000] loss 2.421 (pi 2.394 v 0.025 q 0.002 c 0.001) | plies 152 decisive 10% | buffer 199526 steps 2514 | 194.4 g/min eta 0.7h
[1375/10000] loss 2.419 (pi 2.393 v 0.025 q 0.002 c 0.001) | plies 152 decisive 10% | buffer 200000 steps 2563 | 194.6 g/min eta 0.7h
[1400/10000] loss 2.414 (pi 2.388 v 0.024 q 0.002 c 0.001) | plies 152 decisive 10% | buffer 200000 steps 2612 | 194.7 g/min eta 0.7h
[1425/10000] loss 2.413 (pi 2.388 v 0.023 q 0.001 c 0.001) | plies 153 decisive 8% | buffer 200000 steps 2661 | 194.8 g/min eta 0.7h
[1450/10000] loss 2.405 (pi 2.381 v 0.023 q 0.001 c 0.001) | plies 153 decisive 8% | buffer 200000 steps 2709 | 195.0 g/min eta 0.7h
[1475/10000] loss 2.401 (pi 2.378 v 0.022 q 0.001 c 0.001) | plies 152 decisive 8% | buffer 200000 steps 2757 | 195.4 g/min eta 0.7h
[1500/10000] loss 2.388 (pi 2.366 v 0.021 q 0.001 c 0.001) | plies 153 decisive 8% | buffer 200000 steps 2806 | 195.7 g/min eta 0.7h
  EVAL @1500: q-greedy 0-23-1 | policy-greedy 2-22-0 | search 7-1-0 (eval 18s)
[1525/10000] loss 2.384 (pi 2.361 v 0.021 q 0.001 c 0.001) | plies 153 decisive 8% | buffer 200000 steps 2855 | 185.8 g/min eta 0.8h
[1550/10000] loss 2.375 (pi 2.352 v 0.021 q 0.001 c 0.001) | plies 150 decisive 10% | buffer 200000 steps 2900 | 187.9 g/min eta 0.7h
[1575/10000] loss 2.366 (pi 2.343 v 0.021 q 0.001 c 0.001) | plies 149 decisive 11% | buffer 200000 steps 2947 | 189.9 g/min eta 0.7h
[1600/10000] loss 2.356 (pi 2.334 v 0.021 q 0.001 c 0.001) | plies 149 decisive 12% | buffer 200000 steps 2997 | 191.8 g/min eta 0.7h
[1625/10000] loss 2.353 (pi 2.331 v 0.021 q 0.001 c 0.001) | plies 149 decisive 12% | buffer 200000 steps 3046 | 192.4 g/min eta 0.7h
[1650/10000] loss 2.347 (pi 2.325 v 0.020 q 0.001 c 0.001) | plies 148 decisive 14% | buffer 200000 steps 3093 | 192.4 g/min eta 0.7h
[1675/10000] loss 2.343 (pi 2.321 v 0.020 q 0.001 c 0.001) | plies 148 decisive 14% | buffer 200000 steps 3141 | 193.0 g/min eta 0.7h
[1700/10000] loss 2.335 (pi 2.313 v 0.020 q 0.001 c 0.001) | plies 147 decisive 16% | buffer 200000 steps 3190 | 193.2 g/min eta 0.7h
[1725/10000] loss 2.327 (pi 2.305 v 0.020 q 0.001 c 0.001) | plies 147 decisive 16% | buffer 200000 steps 3237 | 193.6 g/min eta 0.7h
[1750/10000] loss 2.320 (pi 2.298 v 0.020 q 0.001 c 0.001) | plies 150 decisive 14% | buffer 200000 steps 3287 | 193.7 g/min eta 0.7h
[1775/10000] loss 2.313 (pi 2.291 v 0.020 q 0.001 c 0.001) | plies 150 decisive 14% | buffer 200000 steps 3335 | 194.0 g/min eta 0.7h
[1800/10000] loss 2.307 (pi 2.285 v 0.020 q 0.001 c 0.001) | plies 149 decisive 16% | buffer 200000 steps 3383 | 194.2 g/min eta 0.7h
[1825/10000] loss 2.299 (pi 2.277 v 0.020 q 0.001 c 0.001) | plies 149 decisive 15% | buffer 200000 steps 3431 | 194.5 g/min eta 0.7h
[1850/10000] loss 2.299 (pi 2.277 v 0.020 q 0.001 c 0.001) | plies 149 decisive 15% | buffer 200000 steps 3478 | 194.6 g/min eta 0.7h
[1875/10000] loss 2.297 (pi 2.275 v 0.021 q 0.001 c 0.001) | plies 149 decisive 16% | buffer 200000 steps 3528 | 194.7 g/min eta 0.7h
[1900/10000] loss 2.291 (pi 2.269 v 0.021 q 0.001 c 0.001) | plies 150 decisive 16% | buffer 200000 steps 3578 | 194.6 g/min eta 0.7h
[1925/10000] loss 2.289 (pi 2.267 v 0.020 q 0.001 c 0.001) | plies 150 decisive 16% | buffer 200000 steps 3626 | 194.8 g/min eta 0.7h
[1950/10000] loss 2.281 (pi 2.259 v 0.020 q 0.001 c 0.001) | plies 149 decisive 16% | buffer 200000 steps 3674 | 195.0 g/min eta 0.7h
[1975/10000] loss 2.278 (pi 2.256 v 0.020 q 0.001 c 0.001) | plies 149 decisive 16% | buffer 200000 steps 3723 | 195.4 g/min eta 0.7h
[2000/10000] loss 2.267 (pi 2.245 v 0.020 q 0.001 c 0.001) | plies 149 decisive 14% | buffer 200000 steps 3772 | 195.5 g/min eta 0.7h
  EVAL @2000: q-greedy 2-22-0 | policy-greedy 0-24-0 | search 5-3-0 (eval 28s)
[2025/10000] loss 2.260 (pi 2.238 v 0.021 q 0.001 c 0.001) | plies 149 decisive 15% | buffer 200000 steps 3818 | 185.7 g/min eta 0.7h
[2050/10000] loss 2.256 (pi 2.234 v 0.020 q 0.001 c 0.001) | plies 150 decisive 14% | buffer 200000 steps 3866 | 187.2 g/min eta 0.7h
[2075/10000] loss 2.248 (pi 2.227 v 0.020 q 0.001 c 0.001) | plies 149 decisive 12% | buffer 200000 steps 3914 | 188.7 g/min eta 0.7h
[2100/10000] loss 2.248 (pi 2.227 v 0.020 q 0.001 c 0.001) | plies 149 decisive 14% | buffer 200000 steps 3962 | 190.2 g/min eta 0.7h
[2125/10000] loss 2.242 (pi 2.221 v 0.020 q 0.001 c 0.001) | plies 148 decisive 13% | buffer 200000 steps 4010 | 190.7 g/min eta 0.7h
[2150/10000] loss 2.240 (pi 2.219 v 0.019 q 0.001 c 0.001) | plies 149 decisive 12% | buffer 200000 steps 4059 | 190.9 g/min eta 0.7h
[2175/10000] loss 2.236 (pi 2.215 v 0.020 q 0.001 c 0.001) | plies 149 decisive 12% | buffer 200000 steps 4109 | 191.0 g/min eta 0.7h
[2200/10000] loss 2.233 (pi 2.211 v 0.020 q 0.001 c 0.001) | plies 149 decisive 12% | buffer 200000 steps 4158 | 191.4 g/min eta 0.7h
[2225/10000] loss 2.234 (pi 2.213 v 0.019 q 0.001 c 0.001) | plies 150 decisive 11% | buffer 200000 steps 4207 | 191.4 g/min eta 0.7h
[2250/10000] loss 2.229 (pi 2.209 v 0.019 q 0.001 c 0.001) | plies 152 decisive 10% | buffer 200000 steps 4257 | 191.8 g/min eta 0.7h
[2275/10000] loss 2.223 (pi 2.202 v 0.019 q 0.001 c 0.001) | plies 152 decisive 10% | buffer 200000 steps 4305 | 191.9 g/min eta 0.7h
[2300/10000] loss 2.218 (pi 2.198 v 0.018 q 0.001 c 0.001) | plies 151 decisive 10% | buffer 200000 steps 4352 | 192.2 g/min eta 0.7h
[2325/10000] loss 2.214 (pi 2.195 v 0.018 q 0.001 c 0.001) | plies 152 decisive 10% | buffer 200000 steps 4400 | 192.6 g/min eta 0.7h
[2350/10000] loss 2.211 (pi 2.192 v 0.018 q 0.001 c 0.001) | plies 150 decisive 12% | buffer 200000 steps 4448 | 192.8 g/min eta 0.7h
[2375/10000] loss 2.207 (pi 2.188 v 0.018 q 0.001 c 0.001) | plies 149 decisive 12% | buffer 200000 steps 4494 | 193.2 g/min eta 0.7h
[2400/10000] loss 2.201 (pi 2.182 v 0.018 q 0.001 c 0.001) | plies 149 decisive 12% | buffer 200000 steps 4542 | 193.3 g/min eta 0.7h
[2425/10000] loss 2.198 (pi 2.179 v 0.017 q 0.001 c 0.001) | plies 150 decisive 12% | buffer 200000 steps 4591 | 193.5 g/min eta 0.7h
[2450/10000] loss 2.195 (pi 2.177 v 0.017 q 0.001 c 0.001) | plies 149 decisive 12% | buffer 200000 steps 4639 | 193.7 g/min eta 0.6h
[2475/10000] loss 2.192 (pi 2.173 v 0.017 q 0.001 c 0.001) | plies 148 decisive 12% | buffer 200000 steps 4686 | 194.1 g/min eta 0.6h
[2500/10000] loss 2.188 (pi 2.170 v 0.017 q 0.001 c 0.001) | plies 149 decisive 12% | buffer 200000 steps 4734 | 194.1 g/min eta 0.6h
  EVAL @2500: q-greedy 0-23-1 | policy-greedy 0-23-1 | search 8-0-0 (eval 20s)
[2525/10000] loss 2.188 (pi 2.170 v 0.017 q 0.001 c 0.001) | plies 148 decisive 12% | buffer 200000 steps 4781 | 188.1 g/min eta 0.7h
[2550/10000] loss 2.183 (pi 2.164 v 0.017 q 0.001 c 0.001) | plies 148 decisive 12% | buffer 200000 steps 4828 | 189.3 g/min eta 0.7h
[2575/10000] loss 2.184 (pi 2.166 v 0.017 q 0.001 c 0.001) | plies 148 decisive 12% | buffer 200000 steps 4875 | 190.6 g/min eta 0.6h
[2600/10000] loss 2.176 (pi 2.157 v 0.017 q 0.001 c 0.001) | plies 148 decisive 13% | buffer 200000 steps 4923 | 191.8 g/min eta 0.6h
[2625/10000] loss 2.173 (pi 2.155 v 0.017 q 0.001 c 0.001) | plies 148 decisive 15% | buffer 200000 steps 4972 | 192.1 g/min eta 0.6h
[2650/10000] loss 2.171 (pi 2.153 v 0.017 q 0.001 c 0.001) | plies 148 decisive 16% | buffer 200000 steps 5020 | 192.1 g/min eta 0.6h
[2675/10000] loss 2.169 (pi 2.151 v 0.017 q 0.001 c 0.001) | plies 148 decisive 16% | buffer 200000 steps 5067 | 192.5 g/min eta 0.6h
[2700/10000] loss 2.163 (pi 2.144 v 0.017 q 0.001 c 0.001) | plies 147 decisive 16% | buffer 200000 steps 5115 | 192.9 g/min eta 0.6h
[2725/10000] loss 2.161 (pi 2.142 v 0.017 q 0.001 c 0.001) | plies 146 decisive 16% | buffer 200000 steps 5162 | 193.1 g/min eta 0.6h
[2750/10000] loss 2.160 (pi 2.140 v 0.018 q 0.001 c 0.001) | plies 145 decisive 18% | buffer 200000 steps 5208 | 193.4 g/min eta 0.6h
[2775/10000] loss 2.164 (pi 2.144 v 0.019 q 0.001 c 0.001) | plies 145 decisive 20% | buffer 200000 steps 5253 | 193.8 g/min eta 0.6h
[2800/10000] loss 2.158 (pi 2.138 v 0.019 q 0.001 c 0.001) | plies 144 decisive 21% | buffer 200000 steps 5299 | 193.9 g/min eta 0.6h
[2825/10000] loss 2.159 (pi 2.138 v 0.019 q 0.001 c 0.001) | plies 142 decisive 20% | buffer 200000 steps 5346 | 194.3 g/min eta 0.6h
[2850/10000] loss 2.153 (pi 2.132 v 0.019 q 0.001 c 0.001) | plies 142 decisive 20% | buffer 200000 steps 5395 | 194.5 g/min eta 0.6h
[2875/10000] loss 2.156 (pi 2.134 v 0.020 q 0.001 c 0.001) | plies 143 decisive 19% | buffer 200000 steps 5445 | 194.6 g/min eta 0.6h
[2900/10000] loss 2.152 (pi 2.130 v 0.020 q 0.001 c 0.001) | plies 142 decisive 20% | buffer 200000 steps 5491 | 195.0 g/min eta 0.6h
[2925/10000] loss 2.145 (pi 2.123 v 0.020 q 0.001 c 0.001) | plies 143 decisive 20% | buffer 200000 steps 5540 | 195.2 g/min eta 0.6h
[2950/10000] loss 2.146 (pi 2.124 v 0.020 q 0.001 c 0.001) | plies 142 decisive 20% | buffer 200000 steps 5585 | 195.5 g/min eta 0.6h
[2975/10000] loss 2.146 (pi 2.124 v 0.020 q 0.001 c 0.001) | plies 144 decisive 17% | buffer 200000 steps 5634 | 195.6 g/min eta 0.6h
[3000/10000] loss 2.139 (pi 2.118 v 0.020 q 0.001 c 0.001) | plies 144 decisive 18% | buffer 200000 steps 5680 | 195.8 g/min eta 0.6h
  EVAL @3000: q-greedy 7-17-0 | policy-greedy 0-24-0 | search 7-0-1 (eval 20s)
[3025/10000] loss 2.136 (pi 2.114 v 0.020 q 0.001 c 0.001) | plies 143 decisive 20% | buffer 200000 steps 5724 | 190.6 g/min eta 0.6h
[3050/10000] loss 2.133 (pi 2.111 v 0.020 q 0.001 c 0.001) | plies 141 decisive 22% | buffer 200000 steps 5768 | 191.6 g/min eta 0.6h
[3075/10000] loss 2.130 (pi 2.107 v 0.020 q 0.001 c 0.002) | plies 141 decisive 24% | buffer 200000 steps 5815 | 192.7 g/min eta 0.6h
[3100/10000] loss 2.128 (pi 2.105 v 0.021 q 0.001 c 0.002) | plies 141 decisive 24% | buffer 200000 steps 5861 | 193.7 g/min eta 0.6h
[3125/10000] loss 2.127 (pi 2.104 v 0.021 q 0.001 c 0.002) | plies 139 decisive 28% | buffer 200000 steps 5907 | 194.0 g/min eta 0.6h
[3150/10000] loss 2.120 (pi 2.096 v 0.021 q 0.001 c 0.002) | plies 142 decisive 25% | buffer 200000 steps 5955 | 194.1 g/min eta 0.6h
[3175/10000] loss 2.120 (pi 2.096 v 0.022 q 0.002 c 0.002) | plies 140 decisive 28% | buffer 200000 steps 6000 | 194.3 g/min eta 0.6h
[3200/10000] loss 2.119 (pi 2.094 v 0.022 q 0.002 c 0.002) | plies 139 decisive 28% | buffer 200000 steps 6044 | 194.5 g/min eta 0.6h
[3225/10000] loss 2.114 (pi 2.090 v 0.022 q 0.001 c 0.002) | plies 141 decisive 27% | buffer 200000 steps 6092 | 194.6 g/min eta 0.6h
[3250/10000] loss 2.112 (pi 2.087 v 0.023 q 0.001 c 0.002) | plies 141 decisive 28% | buffer 200000 steps 6137 | 194.9 g/min eta 0.6h
[3275/10000] loss 2.112 (pi 2.086 v 0.023 q 0.002 c 0.002) | plies 140 decisive 29% | buffer 200000 steps 6183 | 195.1 g/min eta 0.6h
[3300/10000] loss 2.110 (pi 2.084 v 0.023 q 0.002 c 0.002) | plies 140 decisive 30% | buffer 200000 steps 6230 | 195.3 g/min eta 0.6h
[3325/10000] loss 2.114 (pi 2.088 v 0.024 q 0.002 c 0.002) | plies 142 decisive 28% | buffer 200000 steps 6276 | 195.5 g/min eta 0.6h
[3350/10000] loss 2.113 (pi 2.086 v 0.024 q 0.002 c 0.002) | plies 140 decisive 30% | buffer 200000 steps 6324 | 195.6 g/min eta 0.6h
[3375/10000] loss 2.110 (pi 2.082 v 0.024 q 0.002 c 0.002) | plies 138 decisive 33% | buffer 200000 steps 6364 | 196.0 g/min eta 0.6h
[3400/10000] loss 2.113 (pi 2.085 v 0.025 q 0.002 c 0.002) | plies 138 decisive 34% | buffer 200000 steps 6410 | 196.2 g/min eta 0.6h
[3425/10000] loss 2.116 (pi 2.087 v 0.026 q 0.002 c 0.002) | plies 137 decisive 36% | buffer 200000 steps 6456 | 196.4 g/min eta 0.6h
[3450/10000] loss 2.115 (pi 2.086 v 0.026 q 0.002 c 0.002) | plies 137 decisive 36% | buffer 200000 steps 6502 | 196.6 g/min eta 0.6h
[3475/10000] loss 2.108 (pi 2.078 v 0.027 q 0.002 c 0.002) | plies 136 decisive 38% | buffer 200000 steps 6546 | 196.9 g/min eta 0.6h
[3500/10000] loss 2.110 (pi 2.079 v 0.027 q 0.002 c 0.003) | plies 132 decisive 42% | buffer 200000 steps 6588 | 197.4 g/min eta 0.5h
  EVAL @3500: q-greedy 6-18-0 | policy-greedy 0-24-0 | search 8-0-0 (eval 13s)
[3525/10000] loss 2.108 (pi 2.076 v 0.028 q 0.002 c 0.003) | plies 131 decisive 44% | buffer 200000 steps 6635 | 193.9 g/min eta 0.6h
[3550/10000] loss 2.106 (pi 2.073 v 0.029 q 0.002 c 0.003) | plies 128 decisive 46% | buffer 200000 steps 6674 | 194.9 g/min eta 0.6h
[3575/10000] loss 2.107 (pi 2.074 v 0.029 q 0.002 c 0.003) | plies 130 decisive 44% | buffer 200000 steps 6718 | 195.8 g/min eta 0.5h
[3600/10000] loss 2.103 (pi 2.069 v 0.030 q 0.002 c 0.003) | plies 129 decisive 46% | buffer 200000 steps 6763 | 196.7 g/min eta 0.5h
[3625/10000] loss 2.099 (pi 2.065 v 0.030 q 0.002 c 0.003) | plies 128 decisive 48% | buffer 200000 steps 6806 | 197.2 g/min eta 0.5h
[3650/10000] loss 2.100 (pi 2.063 v 0.032 q 0.003 c 0.004) | plies 127 decisive 50% | buffer 200000 steps 6851 | 197.4 g/min eta 0.5h
[3675/10000] loss 2.092 (pi 2.055 v 0.033 q 0.003 c 0.004) | plies 125 decisive 52% | buffer 200000 steps 6891 | 197.7 g/min eta 0.5h
[3700/10000] loss 2.093 (pi 2.055 v 0.034 q 0.003 c 0.004) | plies 127 decisive 48% | buffer 200000 steps 6935 | 198.1 g/min eta 0.5h
[3725/10000] loss 2.094 (pi 2.055 v 0.034 q 0.003 c 0.004) | plies 126 decisive 50% | buffer 200000 steps 6983 | 198.3 g/min eta 0.5h
[3750/10000] loss 2.099 (pi 2.059 v 0.035 q 0.003 c 0.004) | plies 126 decisive 52% | buffer 200000 steps 7024 | 198.7 g/min eta 0.5h
[3775/10000] loss 2.095 (pi 2.055 v 0.035 q 0.003 c 0.004) | plies 126 decisive 52% | buffer 200000 steps 7066 | 199.0 g/min eta 0.5h
[3800/10000] loss 2.093 (pi 2.052 v 0.036 q 0.003 c 0.004) | plies 123 decisive 54% | buffer 200000 steps 7106 | 199.3 g/min eta 0.5h
[3825/10000] loss 2.095 (pi 2.053 v 0.037 q 0.003 c 0.004) | plies 123 decisive 55% | buffer 200000 steps 7150 | 199.7 g/min eta 0.5h
[3850/10000] loss 2.092 (pi 2.049 v 0.037 q 0.003 c 0.005) | plies 123 decisive 55% | buffer 200000 steps 7194 | 200.0 g/min eta 0.5h
[3875/10000] loss 2.092 (pi 2.048 v 0.038 q 0.003 c 0.005) | plies 123 decisive 56% | buffer 200000 steps 7235 | 200.4 g/min eta 0.5h
[3900/10000] loss 2.095 (pi 2.049 v 0.040 q 0.004 c 0.005) | plies 122 decisive 59% | buffer 200000 steps 7278 | 200.8 g/min eta 0.5h
[3925/10000] loss 2.096 (pi 2.050 v 0.040 q 0.004 c 0.005) | plies 121 decisive 59% | buffer 200000 steps 7323 | 201.1 g/min eta 0.5h
[3950/10000] loss 2.092 (pi 2.045 v 0.041 q 0.004 c 0.005) | plies 120 decisive 60% | buffer 200000 steps 7365 | 201.4 g/min eta 0.5h
[3975/10000] loss 2.088 (pi 2.041 v 0.041 q 0.004 c 0.005) | plies 118 decisive 65% | buffer 200000 steps 7405 | 201.8 g/min eta 0.5h
[4000/10000] loss 2.083 (pi 2.034 v 0.042 q 0.004 c 0.005) | plies 118 decisive 66% | buffer 200000 steps 7443 | 202.1 g/min eta 0.5h
  EVAL @4000: q-greedy 9-15-0 | policy-greedy 1-23-0 | search 7-1-0 (eval 9s)
[4025/10000] loss 2.084 (pi 2.035 v 0.043 q 0.004 c 0.005) | plies 117 decisive 66% | buffer 200000 steps 7483 | 199.8 g/min eta 0.5h
[4050/10000] loss 2.086 (pi 2.035 v 0.045 q 0.004 c 0.005) | plies 117 decisive 68% | buffer 200000 steps 7528 | 200.6 g/min eta 0.5h
[4075/10000] loss 2.080 (pi 2.027 v 0.045 q 0.004 c 0.006) | plies 116 decisive 66% | buffer 200000 steps 7569 | 201.4 g/min eta 0.5h
[4100/10000] loss 2.088 (pi 2.033 v 0.047 q 0.004 c 0.006) | plies 116 decisive 66% | buffer 200000 steps 7612 | 202.3 g/min eta 0.5h
[4125/10000] loss 2.088 (pi 2.033 v 0.047 q 0.005 c 0.006) | plies 115 decisive 68% | buffer 200000 steps 7652 | 202.8 g/min eta 0.5h
[4150/10000] loss 2.083 (pi 2.028 v 0.047 q 0.005 c 0.006) | plies 116 decisive 67% | buffer 200000 steps 7694 | 203.0 g/min eta 0.5h
[4175/10000] loss 2.086 (pi 2.029 v 0.049 q 0.005 c 0.007) | plies 116 decisive 67% | buffer 200000 steps 7733 | 203.3 g/min eta 0.5h
[4200/10000] loss 2.087 (pi 2.028 v 0.050 q 0.005 c 0.007) | plies 118 decisive 64% | buffer 200000 steps 7776 | 203.5 g/min eta 0.5h
[4225/10000] loss 2.083 (pi 2.023 v 0.052 q 0.005 c 0.007) | plies 120 decisive 62% | buffer 200000 steps 7822 | 203.7 g/min eta 0.5h
[4250/10000] loss 2.078 (pi 2.016 v 0.052 q 0.006 c 0.007) | plies 119 decisive 62% | buffer 200000 steps 7864 | 204.0 g/min eta 0.5h
[4275/10000] loss 2.079 (pi 2.018 v 0.052 q 0.006 c 0.007) | plies 120 decisive 62% | buffer 200000 steps 7904 | 204.3 g/min eta 0.5h
[4300/10000] loss 2.076 (pi 2.014 v 0.053 q 0.006 c 0.007) | plies 119 decisive 62% | buffer 200000 steps 7944 | 204.6 g/min eta 0.5h
[4325/10000] loss 2.080 (pi 2.018 v 0.053 q 0.006 c 0.007) | plies 123 decisive 58% | buffer 200000 steps 7991 | 204.8 g/min eta 0.5h
[4350/10000] loss 2.082 (pi 2.018 v 0.053 q 0.006 c 0.007) | plies 122 decisive 57% | buffer 200000 steps 8029 | 205.1 g/min eta 0.5h
[4375/10000] loss 2.080 (pi 2.016 v 0.054 q 0.006 c 0.008) | plies 123 decisive 56% | buffer 200000 steps 8071 | 205.4 g/min eta 0.5h
[4400/10000] loss 2.085 (pi 2.020 v 0.054 q 0.006 c 0.008) | plies 123 decisive 55% | buffer 200000 steps 8114 | 205.7 g/min eta 0.5h
[4425/10000] loss 2.085 (pi 2.020 v 0.054 q 0.007 c 0.009) | plies 122 decisive 56% | buffer 200000 steps 8153 | 205.9 g/min eta 0.5h
[4450/10000] loss 2.082 (pi 2.016 v 0.055 q 0.007 c 0.009) | plies 121 decisive 58% | buffer 200000 steps 8194 | 206.2 g/min eta 0.4h
[4475/10000] loss 2.079 (pi 2.012 v 0.056 q 0.007 c 0.008) | plies 122 decisive 56% | buffer 200000 steps 8238 | 206.4 g/min eta 0.4h
[4500/10000] loss 2.076 (pi 2.009 v 0.056 q 0.007 c 0.008) | plies 123 decisive 56% | buffer 200000 steps 8279 | 206.7 g/min eta 0.4h
  EVAL @4500: q-greedy 4-20-0 | policy-greedy 1-23-0 | search 8-0-0 (eval 8s)
[4525/10000] loss 2.072 (pi 2.004 v 0.056 q 0.007 c 0.008) | plies 119 decisive 58% | buffer 200000 steps 8320 | 204.6 g/min eta 0.4h
[4550/10000] loss 2.074 (pi 2.006 v 0.057 q 0.007 c 0.008) | plies 121 decisive 56% | buffer 200000 steps 8363 | 205.3 g/min eta 0.4h
[4575/10000] loss 2.074 (pi 2.005 v 0.058 q 0.007 c 0.008) | plies 119 decisive 58% | buffer 200000 steps 8400 | 206.1 g/min eta 0.4h
[4600/10000] loss 2.069 (pi 1.999 v 0.058 q 0.007 c 0.008) | plies 115 decisive 61% | buffer 200000 steps 8438 | 206.9 g/min eta 0.4h
[4625/10000] loss 2.065 (pi 1.995 v 0.058 q 0.007 c 0.009) | plies 117 decisive 60% | buffer 200000 steps 8483 | 207.3 g/min eta 0.4h
[4650/10000] loss 2.061 (pi 1.991 v 0.059 q 0.008 c 0.009) | plies 118 decisive 58% | buffer 200000 steps 8526 | 207.5 g/min eta 0.4h
[4675/10000] loss 2.062 (pi 1.991 v 0.059 q 0.008 c 0.008) | plies 117 decisive 60% | buffer 200000 steps 8567 | 207.8 g/min eta 0.4h
[4700/10000] loss 2.058 (pi 1.987 v 0.059 q 0.008 c 0.008) | plies 117 decisive 58% | buffer 200000 steps 8608 | 208.0 g/min eta 0.4h
[4725/10000] loss 2.061 (pi 1.989 v 0.060 q 0.008 c 0.009) | plies 119 decisive 56% | buffer 200000 steps 8651 | 208.2 g/min eta 0.4h
[4750/10000] loss 2.055 (pi 1.983 v 0.060 q 0.008 c 0.009) | plies 116 decisive 59% | buffer 200000 steps 8689 | 208.6 g/min eta 0.4h
[4775/10000] loss 2.056 (pi 1.983 v 0.060 q 0.008 c 0.009) | plies 117 decisive 58% | buffer 200000 steps 8730 | 208.9 g/min eta 0.4h
[4800/10000] loss 2.061 (pi 1.987 v 0.061 q 0.008 c 0.009) | plies 120 decisive 56% | buffer 200000 steps 8774 | 209.1 g/min eta 0.4h
[4825/10000] loss 2.058 (pi 1.984 v 0.061 q 0.008 c 0.009) | plies 118 decisive 57% | buffer 200000 steps 8812 | 209.4 g/min eta 0.4h
[4850/10000] loss 2.056 (pi 1.981 v 0.061 q 0.008 c 0.009) | plies 116 decisive 57% | buffer 200000 steps 8849 | 209.8 g/min eta 0.4h
[4875/10000] loss 2.062 (pi 1.987 v 0.062 q 0.008 c 0.009) | plies 115 decisive 57% | buffer 200000 steps 8889 | 210.1 g/min eta 0.4h
[4900/10000] loss 2.058 (pi 1.983 v 0.061 q 0.008 c 0.009) | plies 116 decisive 58% | buffer 200000 steps 8930 | 210.3 g/min eta 0.4h
[4925/10000] loss 2.055 (pi 1.980 v 0.062 q 0.009 c 0.009) | plies 116 decisive 58% | buffer 200000 steps 8976 | 210.5 g/min eta 0.4h
[4950/10000] loss 2.057 (pi 1.981 v 0.062 q 0.009 c 0.010) | plies 118 decisive 58% | buffer 200000 steps 9017 | 210.7 g/min eta 0.4h
[4975/10000] loss 2.054 (pi 1.979 v 0.062 q 0.009 c 0.010) | plies 118 decisive 57% | buffer 200000 steps 9059 | 211.0 g/min eta 0.4h
[5000/10000] loss 2.054 (pi 1.978 v 0.063 q 0.009 c 0.010) | plies 116 decisive 60% | buffer 200000 steps 9096 | 211.3 g/min eta 0.4h
  EVAL @5000: q-greedy 15-9-0 | policy-greedy 6-18-0 | search 8-0-0 (eval 8s)
[5025/10000] loss 2.046 (pi 1.969 v 0.063 q 0.009 c 0.010) | plies 115 decisive 60% | buffer 200000 steps 9134 | 209.6 g/min eta 0.4h
[5050/10000] loss 2.045 (pi 1.968 v 0.064 q 0.009 c 0.010) | plies 117 decisive 60% | buffer 200000 steps 9175 | 210.3 g/min eta 0.4h
[5075/10000] loss 2.046 (pi 1.967 v 0.064 q 0.009 c 0.010) | plies 117 decisive 60% | buffer 200000 steps 9215 | 211.0 g/min eta 0.4h
[5100/10000] loss 2.046 (pi 1.966 v 0.064 q 0.009 c 0.011) | plies 115 decisive 61% | buffer 200000 steps 9255 | 211.7 g/min eta 0.4h
[5125/10000] loss 2.049 (pi 1.970 v 0.064 q 0.009 c 0.011) | plies 114 decisive 64% | buffer 200000 steps 9298 | 212.0 g/min eta 0.4h
[5150/10000] loss 2.045 (pi 1.966 v 0.064 q 0.009 c 0.010) | plies 114 decisive 64% | buffer 200000 steps 9337 | 212.3 g/min eta 0.4h
[5175/10000] loss 2.039 (pi 1.960 v 0.064 q 0.009 c 0.010) | plies 114 decisive 62% | buffer 200000 steps 9380 | 212.5 g/min eta 0.4h
[5200/10000] loss 2.039 (pi 1.960 v 0.065 q 0.009 c 0.011) | plies 115 decisive 62% | buffer 200000 steps 9421 | 212.8 g/min eta 0.4h
[5225/10000] loss 2.038 (pi 1.958 v 0.065 q 0.010 c 0.011) | plies 115 decisive 62% | buffer 200000 steps 9461 | 213.1 g/min eta 0.4h
[5250/10000] loss 2.039 (pi 1.959 v 0.065 q 0.009 c 0.010) | plies 114 decisive 64% | buffer 200000 steps 9499 | 213.3 g/min eta 0.4h
[5275/10000] loss 2.037 (pi 1.957 v 0.065 q 0.010 c 0.010) | plies 115 decisive 61% | buffer 200000 steps 9542 | 213.6 g/min eta 0.4h
[5300/10000] loss 2.034 (pi 1.954 v 0.065 q 0.010 c 0.010) | plies 116 decisive 62% | buffer 200000 steps 9582 | 213.7 g/min eta 0.4h
[5325/10000] loss 2.031 (pi 1.951 v 0.065 q 0.010 c 0.011) | plies 116 decisive 60% | buffer 200000 steps 9624 | 214.0 g/min eta 0.4h
[5350/10000] loss 2.029 (pi 1.948 v 0.065 q 0.010 c 0.011) | plies 116 decisive 59% | buffer 200000 steps 9664 | 214.3 g/min eta 0.4h
[5375/10000] loss 2.029 (pi 1.948 v 0.066 q 0.010 c 0.010) | plies 114 decisive 62% | buffer 200000 steps 9703 | 214.6 g/min eta 0.4h
[5400/10000] loss 2.028 (pi 1.946 v 0.067 q 0.010 c 0.010) | plies 115 decisive 60% | buffer 200000 steps 9746 | 214.7 g/min eta 0.4h
[5425/10000] loss 2.026 (pi 1.944 v 0.067 q 0.010 c 0.010) | plies 117 decisive 58% | buffer 200000 steps 9790 | 214.8 g/min eta 0.4h
[5450/10000] loss 2.029 (pi 1.948 v 0.067 q 0.010 c 0.010) | plies 118 decisive 57% | buffer 200000 steps 9829 | 215.1 g/min eta 0.4h
[5475/10000] loss 2.032 (pi 1.950 v 0.067 q 0.010 c 0.010) | plies 118 decisive 59% | buffer 200000 steps 9874 | 215.3 g/min eta 0.4h
[5500/10000] loss 2.026 (pi 1.944 v 0.067 q 0.010 c 0.010) | plies 119 decisive 58% | buffer 200000 steps 9915 | 215.5 g/min eta 0.3h
  EVAL @5500: q-greedy 4-20-0 | policy-greedy 7-17-0 | search 8-0-0 (eval 9s)
[5525/10000] loss 2.020 (pi 1.937 v 0.067 q 0.010 c 0.012) | plies 119 decisive 58% | buffer 200000 steps 9960 | 213.4 g/min eta 0.3h
[5550/10000] loss 2.018 (pi 1.935 v 0.067 q 0.010 c 0.011) | plies 119 decisive 60% | buffer 200000 steps 9999 | 214.1 g/min eta 0.3h
[5575/10000] loss 2.020 (pi 1.938 v 0.067 q 0.010 c 0.011) | plies 120 decisive 58% | buffer 200000 steps 10039 | 214.8 g/min eta 0.3h
[5600/10000] loss 2.021 (pi 1.939 v 0.067 q 0.010 c 0.010) | plies 117 decisive 60% | buffer 200000 steps 10075 | 215.4 g/min eta 0.3h
[5625/10000] loss 2.017 (pi 1.935 v 0.067 q 0.010 c 0.010) | plies 116 decisive 62% | buffer 200000 steps 10114 | 215.7 g/min eta 0.3h
[5650/10000] loss 2.020 (pi 1.938 v 0.067 q 0.010 c 0.010) | plies 116 decisive 63% | buffer 200000 steps 10156 | 215.9 g/min eta 0.3h
[5675/10000] loss 2.018 (pi 1.935 v 0.068 q 0.010 c 0.010) | plies 114 decisive 64% | buffer 200000 steps 10196 | 216.1 g/min eta 0.3h
[5700/10000] loss 2.017 (pi 1.935 v 0.068 q 0.010 c 0.009) | plies 111 decisive 66% | buffer 200000 steps 10232 | 216.5 g/min eta 0.3h
[5725/10000] loss 2.006 (pi 1.924 v 0.068 q 0.009 c 0.010) | plies 110 decisive 66% | buffer 200000 steps 10272 | 216.6 g/min eta 0.3h
[5750/10000] loss 2.005 (pi 1.924 v 0.067 q 0.009 c 0.009) | plies 112 decisive 62% | buffer 200000 steps 10317 | 216.6 g/min eta 0.3h
[5775/10000] loss 2.005 (pi 1.923 v 0.069 q 0.009 c 0.009) | plies 112 decisive 62% | buffer 200000 steps 10358 | 216.9 g/min eta 0.3h
[5800/10000] loss 2.008 (pi 1.926 v 0.068 q 0.009 c 0.009) | plies 115 decisive 61% | buffer 200000 steps 10401 | 217.0 g/min eta 0.3h
[5825/10000] loss 2.005 (pi 1.923 v 0.068 q 0.009 c 0.009) | plies 114 decisive 59% | buffer 200000 steps 10442 | 217.3 g/min eta 0.3h
[5850/10000] loss 2.010 (pi 1.928 v 0.068 q 0.009 c 0.009) | plies 114 decisive 60% | buffer 200000 steps 10481 | 217.5 g/min eta 0.3h
[5875/10000] loss 2.006 (pi 1.925 v 0.067 q 0.009 c 0.009) | plies 116 decisive 58% | buffer 200000 steps 10525 | 217.6 g/min eta 0.3h
[5900/10000] loss 2.006 (pi 1.924 v 0.068 q 0.009 c 0.009) | plies 118 decisive 57% | buffer 200000 steps 10566 | 217.9 g/min eta 0.3h
[5925/10000] loss 2.000 (pi 1.919 v 0.068 q 0.009 c 0.009) | plies 116 decisive 60% | buffer 200000 steps 10605 | 218.2 g/min eta 0.3h
[5950/10000] loss 1.999 (pi 1.917 v 0.068 q 0.009 c 0.010) | plies 115 decisive 62% | buffer 200000 steps 10642 | 218.4 g/min eta 0.3h
[5975/10000] loss 1.998 (pi 1.916 v 0.068 q 0.009 c 0.009) | plies 115 decisive 62% | buffer 200000 steps 10682 | 218.5 g/min eta 0.3h
[6000/10000] loss 1.996 (pi 1.914 v 0.069 q 0.009 c 0.009) | plies 115 decisive 62% | buffer 200000 steps 10726 | 218.6 g/min eta 0.3h
  EVAL @6000: q-greedy 11-13-0 | policy-greedy 10-14-0 | search 8-0-0 (eval 10s)
[6025/10000] loss 2.002 (pi 1.919 v 0.069 q 0.009 c 0.009) | plies 116 decisive 62% | buffer 200000 steps 10765 | 216.9 g/min eta 0.3h
[6050/10000] loss 2.000 (pi 1.917 v 0.069 q 0.009 c 0.008) | plies 116 decisive 62% | buffer 200000 steps 10806 | 217.5 g/min eta 0.3h
[6075/10000] loss 1.991 (pi 1.909 v 0.069 q 0.009 c 0.008) | plies 114 decisive 64% | buffer 200000 steps 10844 | 218.1 g/min eta 0.3h
[6100/10000] loss 1.994 (pi 1.910 v 0.070 q 0.009 c 0.009) | plies 113 decisive 64% | buffer 200000 steps 10881 | 218.7 g/min eta 0.3h
[6125/10000] loss 1.987 (pi 1.904 v 0.070 q 0.009 c 0.008) | plies 114 decisive 63% | buffer 200000 steps 10923 | 219.0 g/min eta 0.3h
[6150/10000] loss 1.980 (pi 1.897 v 0.070 q 0.009 c 0.008) | plies 114 decisive 62% | buffer 200000 steps 10963 | 219.3 g/min eta 0.3h
[6175/10000] loss 1.988 (pi 1.903 v 0.071 q 0.010 c 0.009) | plies 113 decisive 64% | buffer 200000 steps 11002 | 219.5 g/min eta 0.3h
[6200/10000] loss 1.989 (pi 1.904 v 0.071 q 0.009 c 0.009) | plies 111 decisive 66% | buffer 200000 steps 11041 | 219.7 g/min eta 0.3h
[6225/10000] loss 1.991 (pi 1.906 v 0.071 q 0.010 c 0.009) | plies 110 decisive 68% | buffer 200000 steps 11077 | 220.0 g/min eta 0.3h
[6250/10000] loss 1.994 (pi 1.908 v 0.072 q 0.010 c 0.009) | plies 109 decisive 68% | buffer 200000 steps 11118 | 220.2 g/min eta 0.3h
[6275/10000] loss 1.988 (pi 1.902 v 0.072 q 0.010 c 0.009) | plies 110 decisive 66% | buffer 200000 steps 11156 | 220.4 g/min eta 0.3h
[6300/10000] loss 1.991 (pi 1.905 v 0.072 q 0.010 c 0.008) | plies 109 decisive 68% | buffer 200000 steps 11195 | 220.6 g/min eta 0.3h
[6325/10000] loss 1.988 (pi 1.902 v 0.072 q 0.009 c 0.008) | plies 110 decisive 68% | buffer 200000 steps 11238 | 220.8 g/min eta 0.3h
[6350/10000] loss 1.983 (pi 1.897 v 0.073 q 0.009 c 0.008) | plies 109 decisive 68% | buffer 200000 steps 11277 | 221.0 g/min eta 0.3h
[6375/10000] loss 1.985 (pi 1.899 v 0.073 q 0.009 c 0.008) | plies 111 decisive 66% | buffer 200000 steps 11321 | 221.2 g/min eta 0.3h
[6400/10000] loss 1.987 (pi 1.901 v 0.073 q 0.009 c 0.008) | plies 112 decisive 65% | buffer 200000 steps 11364 | 221.4 g/min eta 0.3h
[6425/10000] loss 1.978 (pi 1.892 v 0.073 q 0.009 c 0.008) | plies 113 decisive 64% | buffer 200000 steps 11405 | 221.6 g/min eta 0.3h
[6450/10000] loss 1.978 (pi 1.893 v 0.072 q 0.009 c 0.008) | plies 115 decisive 61% | buffer 200000 steps 11448 | 221.7 g/min eta 0.3h
[6475/10000] loss 1.982 (pi 1.897 v 0.072 q 0.009 c 0.008) | plies 116 decisive 62% | buffer 200000 steps 11491 | 221.9 g/min eta 0.3h
[6500/10000] loss 1.985 (pi 1.900 v 0.072 q 0.009 c 0.008) | plies 118 decisive 57% | buffer 200000 steps 11533 | 222.0 g/min eta 0.3h
  EVAL @6500: q-greedy 9-15-0 | policy-greedy 12-12-0 | search 8-0-0 (eval 12s)
[6525/10000] loss 1.982 (pi 1.897 v 0.072 q 0.009 c 0.008) | plies 118 decisive 57% | buffer 200000 steps 11575 | 219.9 g/min eta 0.3h
[6550/10000] loss 1.983 (pi 1.898 v 0.071 q 0.009 c 0.009) | plies 120 decisive 54% | buffer 200000 steps 11614 | 220.5 g/min eta 0.3h
[6575/10000] loss 1.978 (pi 1.893 v 0.071 q 0.009 c 0.009) | plies 121 decisive 52% | buffer 200000 steps 11658 | 221.0 g/min eta 0.3h
[6600/10000] loss 1.976 (pi 1.890 v 0.071 q 0.009 c 0.010) | plies 120 decisive 54% | buffer 200000 steps 11699 | 221.6 g/min eta 0.3h
[6625/10000] loss 1.982 (pi 1.895 v 0.072 q 0.009 c 0.010) | plies 119 decisive 55% | buffer 200000 steps 11739 | 221.9 g/min eta 0.3h
[6650/10000] loss 1.979 (pi 1.893 v 0.072 q 0.009 c 0.009) | plies 116 decisive 58% | buffer 200000 steps 11779 | 222.1 g/min eta 0.3h
[6675/10000] loss 1.978 (pi 1.892 v 0.072 q 0.009 c 0.009) | plies 118 decisive 57% | buffer 200000 steps 11822 | 222.2 g/min eta 0.2h
[6700/10000] loss 1.967 (pi 1.881 v 0.072 q 0.009 c 0.009) | plies 117 decisive 58% | buffer 200000 steps 11862 | 222.4 g/min eta 0.2h
[6725/10000] loss 1.965 (pi 1.879 v 0.072 q 0.009 c 0.009) | plies 116 decisive 60% | buffer 200000 steps 11901 | 222.7 g/min eta 0.2h
[6750/10000] loss 1.966 (pi 1.881 v 0.072 q 0.009 c 0.009) | plies 117 decisive 60% | buffer 200000 steps 11945 | 222.8 g/min eta 0.2h
[6775/10000] loss 1.963 (pi 1.878 v 0.072 q 0.009 c 0.009) | plies 115 decisive 62% | buffer 200000 steps 11983 | 223.0 g/min eta 0.2h
[6800/10000] loss 1.961 (pi 1.875 v 0.072 q 0.009 c 0.008) | plies 114 decisive 63% | buffer 200000 steps 12023 | 223.2 g/min eta 0.2h
[6825/10000] loss 1.963 (pi 1.878 v 0.072 q 0.009 c 0.008) | plies 116 decisive 60% | buffer 200000 steps 12066 | 223.3 g/min eta 0.2h
[6850/10000] loss 1.964 (pi 1.878 v 0.073 q 0.009 c 0.008) | plies 118 decisive 58% | buffer 200000 steps 12108 | 223.5 g/min eta 0.2h
[6875/10000] loss 1.964 (pi 1.878 v 0.073 q 0.009 c 0.008) | plies 116 decisive 60% | buffer 200000 steps 12149 | 223.6 g/min eta 0.2h
[6900/10000] loss 1.967 (pi 1.880 v 0.074 q 0.009 c 0.008) | plies 116 decisive 62% | buffer 200000 steps 12190 | 223.8 g/min eta 0.2h
[6925/10000] loss 1.965 (pi 1.878 v 0.073 q 0.009 c 0.008) | plies 115 decisive 63% | buffer 200000 steps 12231 | 224.0 g/min eta 0.2h
[6950/10000] loss 1.968 (pi 1.881 v 0.073 q 0.009 c 0.008) | plies 114 decisive 65% | buffer 200000 steps 12274 | 224.1 g/min eta 0.2h
[6975/10000] loss 1.958 (pi 1.872 v 0.073 q 0.009 c 0.008) | plies 116 decisive 64% | buffer 200000 steps 12315 | 224.3 g/min eta 0.2h
[7000/10000] loss 1.960 (pi 1.874 v 0.072 q 0.009 c 0.008) | plies 117 decisive 62% | buffer 200000 steps 12359 | 224.4 g/min eta 0.2h
  EVAL @7000: q-greedy 6-18-0 | policy-greedy 8-16-0 | search 8-0-0 (eval 9s)
[7025/10000] loss 1.961 (pi 1.875 v 0.073 q 0.009 c 0.008) | plies 116 decisive 65% | buffer 200000 steps 12400 | 223.1 g/min eta 0.2h
[7050/10000] loss 1.965 (pi 1.879 v 0.073 q 0.009 c 0.008) | plies 115 decisive 65% | buffer 200000 steps 12437 | 223.6 g/min eta 0.2h
[7075/10000] loss 1.955 (pi 1.870 v 0.072 q 0.009 c 0.008) | plies 115 decisive 64% | buffer 200000 steps 12479 | 224.1 g/min eta 0.2h
[7100/10000] loss 1.955 (pi 1.869 v 0.073 q 0.009 c 0.008) | plies 115 decisive 61% | buffer 200000 steps 12519 | 224.7 g/min eta 0.2h
[7125/10000] loss 1.953 (pi 1.866 v 0.073 q 0.009 c 0.008) | plies 117 decisive 58% | buffer 200000 steps 12561 | 224.9 g/min eta 0.2h
[7150/10000] loss 1.950 (pi 1.864 v 0.072 q 0.009 c 0.009) | plies 117 decisive 57% | buffer 200000 steps 12601 | 225.0 g/min eta 0.2h
[7175/10000] loss 1.950 (pi 1.864 v 0.072 q 0.009 c 0.008) | plies 116 decisive 58% | buffer 200000 steps 12641 | 225.2 g/min eta 0.2h
[7200/10000] loss 1.950 (pi 1.864 v 0.072 q 0.009 c 0.009) | plies 115 decisive 58% | buffer 200000 steps 12681 | 225.4 g/min eta 0.2h
[7225/10000] loss 1.957 (pi 1.871 v 0.072 q 0.009 c 0.008) | plies 117 decisive 55% | buffer 200000 steps 12723 | 225.5 g/min eta 0.2h
[7250/10000] loss 1.949 (pi 1.862 v 0.073 q 0.009 c 0.009) | plies 118 decisive 55% | buffer 200000 steps 12765 | 225.6 g/min eta 0.2h
[7275/10000] loss 1.948 (pi 1.861 v 0.073 q 0.009 c 0.008) | plies 117 decisive 57% | buffer 200000 steps 12805 | 225.8 g/min eta 0.2h
[7300/10000] loss 1.948 (pi 1.862 v 0.073 q 0.009 c 0.009) | plies 117 decisive 58% | buffer 200000 steps 12846 | 226.0 g/min eta 0.2h
[7325/10000] loss 1.945 (pi 1.858 v 0.073 q 0.009 c 0.009) | plies 116 decisive 60% | buffer 200000 steps 12888 | 226.1 g/min eta 0.2h
[7350/10000] loss 1.937 (pi 1.848 v 0.073 q 0.010 c 0.011) | plies 118 decisive 60% | buffer 200000 steps 12934 | 226.2 g/min eta 0.2h
[7375/10000] loss 1.935 (pi 1.849 v 0.072 q 0.009 c 0.009) | plies 118 decisive 59% | buffer 200000 steps 12975 | 226.3 g/min eta 0.2h
[7400/10000] loss 1.932 (pi 1.846 v 0.072 q 0.009 c 0.009) | plies 119 decisive 57% | buffer 200000 steps 13016 | 226.4 g/min eta 0.2h
[7425/10000] loss 1.934 (pi 1.849 v 0.072 q 0.009 c 0.009) | plies 119 decisive 58% | buffer 200000 steps 13060 | 226.6 g/min eta 0.2h
[7450/10000] loss 1.927 (pi 1.842 v 0.072 q 0.009 c 0.008) | plies 119 decisive 57% | buffer 200000 steps 13100 | 226.7 g/min eta 0.2h
[7475/10000] loss 1.920 (pi 1.835 v 0.072 q 0.009 c 0.008) | plies 120 decisive 56% | buffer 200000 steps 13144 | 226.8 g/min eta 0.2h
[7500/10000] loss 1.926 (pi 1.841 v 0.072 q 0.009 c 0.008) | plies 121 decisive 55% | buffer 200000 steps 13185 | 227.0 g/min eta 0.2h
  EVAL @7500: q-greedy 9-15-0 | policy-greedy 9-15-0 | search 8-0-0 (eval 10s)
[7525/10000] loss 1.926 (pi 1.841 v 0.072 q 0.009 c 0.008) | plies 121 decisive 54% | buffer 200000 steps 13228 | 225.5 g/min eta 0.2h
[7550/10000] loss 1.917 (pi 1.832 v 0.072 q 0.009 c 0.008) | plies 119 decisive 54% | buffer 200000 steps 13270 | 226.0 g/min eta 0.2h
[7575/10000] loss 1.920 (pi 1.836 v 0.071 q 0.009 c 0.007) | plies 120 decisive 52% | buffer 200000 steps 13314 | 226.5 g/min eta 0.2h
[7600/10000] loss 1.922 (pi 1.838 v 0.071 q 0.009 c 0.008) | plies 120 decisive 55% | buffer 200000 steps 13357 | 227.0 g/min eta 0.2h
[7625/10000] loss 1.920 (pi 1.835 v 0.071 q 0.009 c 0.008) | plies 118 decisive 56% | buffer 200000 steps 13397 | 227.3 g/min eta 0.2h
[7650/10000] loss 1.916 (pi 1.831 v 0.072 q 0.009 c 0.008) | plies 117 decisive 57% | buffer 200000 steps 13440 | 227.4 g/min eta 0.2h
[7675/10000] loss 1.916 (pi 1.832 v 0.071 q 0.009 c 0.008) | plies 118 decisive 56% | buffer 200000 steps 13484 | 227.5 g/min eta 0.2h
[7700/10000] loss 1.917 (pi 1.833 v 0.071 q 0.009 c 0.008) | plies 118 decisive 56% | buffer 200000 steps 13524 | 227.6 g/min eta 0.2h
[7725/10000] loss 1.913 (pi 1.830 v 0.071 q 0.009 c 0.007) | plies 120 decisive 54% | buffer 200000 steps 13567 | 227.7 g/min eta 0.2h
[7750/10000] loss 1.911 (pi 1.827 v 0.071 q 0.009 c 0.008) | plies 119 decisive 55% | buffer 200000 steps 13605 | 227.9 g/min eta 0.2h
[7775/10000] loss 1.913 (pi 1.829 v 0.071 q 0.009 c 0.008) | plies 119 decisive 56% | buffer 200000 steps 13649 | 228.0 g/min eta 0.2h
[7800/10000] loss 1.911 (pi 1.827 v 0.071 q 0.009 c 0.008) | plies 120 decisive 56% | buffer 200000 steps 13691 | 228.1 g/min eta 0.2h
[7825/10000] loss 1.913 (pi 1.827 v 0.071 q 0.010 c 0.010) | plies 121 decisive 55% | buffer 200000 steps 13734 | 228.2 g/min eta 0.2h
[7850/10000] loss 1.912 (pi 1.825 v 0.072 q 0.010 c 0.009) | plies 121 decisive 53% | buffer 200000 steps 13774 | 228.3 g/min eta 0.2h
[7875/10000] loss 1.912 (pi 1.827 v 0.071 q 0.009 c 0.009) | plies 120 decisive 54% | buffer 200000 steps 13813 | 228.4 g/min eta 0.2h
[7900/10000] loss 1.915 (pi 1.830 v 0.071 q 0.009 c 0.008) | plies 121 decisive 54% | buffer 200000 steps 13858 | 228.5 g/min eta 0.2h
[7925/10000] loss 1.912 (pi 1.827 v 0.071 q 0.009 c 0.009) | plies 121 decisive 57% | buffer 200000 steps 13902 | 228.6 g/min eta 0.2h
[7950/10000] loss 1.910 (pi 1.827 v 0.070 q 0.009 c 0.008) | plies 121 decisive 56% | buffer 200000 steps 13942 | 228.8 g/min eta 0.1h
[7975/10000] loss 1.913 (pi 1.830 v 0.070 q 0.009 c 0.008) | plies 120 decisive 56% | buffer 200000 steps 13984 | 228.9 g/min eta 0.1h
[8000/10000] loss 1.909 (pi 1.826 v 0.069 q 0.009 c 0.008) | plies 120 decisive 56% | buffer 200000 steps 14024 | 229.0 g/min eta 0.1h
  EVAL @8000: q-greedy 9-15-0 | policy-greedy 7-17-0 | search 8-0-0 (eval 9s)
[8025/10000] loss 1.903 (pi 1.819 v 0.070 q 0.009 c 0.008) | plies 119 decisive 57% | buffer 200000 steps 14064 | 227.8 g/min eta 0.1h
[8050/10000] loss 1.900 (pi 1.817 v 0.070 q 0.009 c 0.008) | plies 118 decisive 60% | buffer 200000 steps 14103 | 228.2 g/min eta 0.1h
[8075/10000] loss 1.903 (pi 1.820 v 0.070 q 0.009 c 0.008) | plies 118 decisive 59% | buffer 200000 steps 14144 | 228.7 g/min eta 0.1h
[8100/10000] loss 1.901 (pi 1.818 v 0.069 q 0.010 c 0.008) | plies 114 decisive 64% | buffer 200000 steps 14180 | 229.2 g/min eta 0.1h
[8125/10000] loss 1.900 (pi 1.818 v 0.069 q 0.009 c 0.008) | plies 114 decisive 62% | buffer 200000 steps 14225 | 229.4 g/min eta 0.1h
[8150/10000] loss 1.906 (pi 1.824 v 0.070 q 0.009 c 0.007) | plies 115 decisive 63% | buffer 200000 steps 14264 | 229.5 g/min eta 0.1h
[8175/10000] loss 1.902 (pi 1.819 v 0.070 q 0.009 c 0.008) | plies 115 decisive 61% | buffer 200000 steps 14308 | 229.6 g/min eta 0.1h
[8200/10000] loss 1.896 (pi 1.813 v 0.070 q 0.009 c 0.008) | plies 116 decisive 58% | buffer 200000 steps 14350 | 229.7 g/min eta 0.1h
[8225/10000] loss 1.899 (pi 1.816 v 0.070 q 0.009 c 0.007) | plies 117 decisive 59% | buffer 200000 steps 14391 | 229.9 g/min eta 0.1h
[8250/10000] loss 1.893 (pi 1.810 v 0.070 q 0.009 c 0.008) | plies 116 decisive 58% | buffer 200000 steps 14429 | 230.0 g/min eta 0.1h
[8275/10000] loss 1.892 (pi 1.809 v 0.070 q 0.009 c 0.007) | plies 117 decisive 59% | buffer 200000 steps 14472 | 230.1 g/min eta 0.1h
[8300/10000] loss 1.898 (pi 1.815 v 0.070 q 0.009 c 0.007) | plies 120 decisive 57% | buffer 200000 steps 14511 | 230.2 g/min eta 0.1h
[8325/10000] loss 1.898 (pi 1.814 v 0.071 q 0.009 c 0.007) | plies 118 decisive 58% | buffer 200000 steps 14553 | 230.3 g/min eta 0.1h
[8350/10000] loss 1.896 (pi 1.812 v 0.071 q 0.009 c 0.007) | plies 119 decisive 56% | buffer 200000 steps 14596 | 230.4 g/min eta 0.1h
[8375/10000] loss 1.896 (pi 1.813 v 0.071 q 0.009 c 0.007) | plies 118 decisive 58% | buffer 200000 steps 14637 | 230.6 g/min eta 0.1h
[8400/10000] loss 1.898 (pi 1.815 v 0.070 q 0.009 c 0.007) | plies 119 decisive 58% | buffer 200000 steps 14681 | 230.6 g/min eta 0.1h
[8425/10000] loss 1.897 (pi 1.816 v 0.069 q 0.009 c 0.007) | plies 118 decisive 59% | buffer 200000 steps 14722 | 230.8 g/min eta 0.1h
[8450/10000] loss 1.903 (pi 1.821 v 0.070 q 0.009 c 0.007) | plies 121 decisive 56% | buffer 200000 steps 14765 | 230.8 g/min eta 0.1h
[8475/10000] loss 1.901 (pi 1.819 v 0.069 q 0.010 c 0.007) | plies 120 decisive 56% | buffer 200000 steps 14807 | 230.9 g/min eta 0.1h
[8500/10000] loss 1.899 (pi 1.817 v 0.069 q 0.009 c 0.007) | plies 121 decisive 55% | buffer 200000 steps 14848 | 231.0 g/min eta 0.1h
  EVAL @8500: q-greedy 2-22-0 | policy-greedy 11-13-0 | search 8-0-0 (eval 12s)
[8525/10000] loss 1.900 (pi 1.817 v 0.069 q 0.009 c 0.007) | plies 123 decisive 54% | buffer 200000 steps 14894 | 229.5 g/min eta 0.1h
[8550/10000] loss 1.892 (pi 1.809 v 0.069 q 0.009 c 0.007) | plies 122 decisive 56% | buffer 200000 steps 14931 | 229.9 g/min eta 0.1h
[8575/10000] loss 1.885 (pi 1.802 v 0.070 q 0.009 c 0.007) | plies 123 decisive 55% | buffer 200000 steps 14976 | 230.3 g/min eta 0.1h
[8600/10000] loss 1.878 (pi 1.795 v 0.070 q 0.009 c 0.007) | plies 121 decisive 57% | buffer 200000 steps 15015 | 230.8 g/min eta 0.1h
[8625/10000] loss 1.879 (pi 1.798 v 0.069 q 0.009 c 0.007) | plies 122 decisive 56% | buffer 200000 steps 15056 | 231.0 g/min eta 0.1h
[8650/10000] loss 1.878 (pi 1.796 v 0.069 q 0.009 c 0.007) | plies 121 decisive 58% | buffer 200000 steps 15097 | 231.1 g/min eta 0.1h
[8675/10000] loss 1.882 (pi 1.800 v 0.069 q 0.010 c 0.007) | plies 119 decisive 59% | buffer 200000 steps 15137 | 231.2 g/min eta 0.1h
[8700/10000] loss 1.875 (pi 1.793 v 0.069 q 0.009 c 0.007) | plies 120 decisive 57% | buffer 200000 steps 15181 | 231.3 g/min eta 0.1h
[8725/10000] loss 1.875 (pi 1.792 v 0.070 q 0.010 c 0.007) | plies 119 decisive 57% | buffer 200000 steps 15223 | 231.4 g/min eta 0.1h
[8750/10000] loss 1.872 (pi 1.789 v 0.070 q 0.010 c 0.007) | plies 119 decisive 57% | buffer 200000 steps 15260 | 231.5 g/min eta 0.1h
[8775/10000] loss 1.869 (pi 1.786 v 0.070 q 0.010 c 0.007) | plies 118 decisive 59% | buffer 200000 steps 15304 | 231.6 g/min eta 0.1h
[8800/10000] loss 1.871 (pi 1.788 v 0.070 q 0.010 c 0.007) | plies 118 decisive 58% | buffer 200000 steps 15345 | 231.8 g/min eta 0.1h
[8825/10000] loss 1.875 (pi 1.791 v 0.071 q 0.009 c 0.007) | plies 118 decisive 58% | buffer 200000 steps 15387 | 231.9 g/min eta 0.1h
[8850/10000] loss 1.873 (pi 1.788 v 0.072 q 0.009 c 0.007) | plies 117 decisive 58% | buffer 200000 steps 15427 | 232.0 g/min eta 0.1h
[8875/10000] loss 1.878 (pi 1.794 v 0.072 q 0.009 c 0.007) | plies 119 decisive 57% | buffer 200000 steps 15468 | 232.1 g/min eta 0.1h
[8900/10000] loss 1.872 (pi 1.789 v 0.070 q 0.009 c 0.007) | plies 118 decisive 57% | buffer 200000 steps 15509 | 232.2 g/min eta 0.1h
[8925/10000] loss 1.866 (pi 1.782 v 0.071 q 0.009 c 0.007) | plies 118 decisive 60% | buffer 200000 steps 15554 | 232.3 g/min eta 0.1h
[8950/10000] loss 1.869 (pi 1.785 v 0.071 q 0.009 c 0.007) | plies 118 decisive 59% | buffer 200000 steps 15595 | 232.4 g/min eta 0.1h
[8975/10000] loss 1.864 (pi 1.781 v 0.071 q 0.009 c 0.007) | plies 118 decisive 57% | buffer 200000 steps 15637 | 232.5 g/min eta 0.1h
[9000/10000] loss 1.863 (pi 1.780 v 0.070 q 0.009 c 0.007) | plies 118 decisive 59% | buffer 200000 steps 15677 | 232.6 g/min eta 0.1h
  EVAL @9000: q-greedy 3-21-0 | policy-greedy 8-16-0 | search 8-0-0 (eval 10s)
[9025/10000] loss 1.862 (pi 1.779 v 0.070 q 0.009 c 0.007) | plies 119 decisive 60% | buffer 200000 steps 15721 | 231.4 g/min eta 0.1h
[9050/10000] loss 1.861 (pi 1.776 v 0.071 q 0.010 c 0.008) | plies 119 decisive 59% | buffer 200000 steps 15762 | 231.8 g/min eta 0.1h
[9075/10000] loss 1.856 (pi 1.771 v 0.071 q 0.010 c 0.008) | plies 118 decisive 60% | buffer 200000 steps 15801 | 232.2 g/min eta 0.1h
[9100/10000] loss 1.852 (pi 1.768 v 0.071 q 0.010 c 0.008) | plies 115 decisive 63% | buffer 200000 steps 15839 | 232.6 g/min eta 0.1h
[9125/10000] loss 1.855 (pi 1.770 v 0.072 q 0.009 c 0.007) | plies 114 decisive 64% | buffer 200000 steps 15881 | 232.9 g/min eta 0.1h
[9150/10000] loss 1.852 (pi 1.767 v 0.073 q 0.009 c 0.007) | plies 113 decisive 64% | buffer 200000 steps 15920 | 233.0 g/min eta 0.1h
[9175/10000] loss 1.854 (pi 1.768 v 0.073 q 0.010 c 0.008) | plies 114 decisive 62% | buffer 200000 steps 15964 | 233.1 g/min eta 0.1h
[9200/10000] loss 1.854 (pi 1.768 v 0.072 q 0.010 c 0.008) | plies 114 decisive 60% | buffer 200000 steps 16003 | 233.2 g/min eta 0.1h
[9225/10000] loss 1.845 (pi 1.759 v 0.072 q 0.010 c 0.007) | plies 116 decisive 57% | buffer 200000 steps 16050 | 233.2 g/min eta 0.1h
[9250/10000] loss 1.848 (pi 1.761 v 0.073 q 0.010 c 0.008) | plies 117 decisive 58% | buffer 200000 steps 16094 | 233.3 g/min eta 0.1h
[9275/10000] loss 1.850 (pi 1.763 v 0.074 q 0.010 c 0.007) | plies 116 decisive 60% | buffer 200000 steps 16134 | 233.4 g/min eta 0.1h
[9300/10000] loss 1.854 (pi 1.766 v 0.074 q 0.010 c 0.008) | plies 117 decisive 60% | buffer 200000 steps 16171 | 233.6 g/min eta 0.0h
[9325/10000] loss 1.856 (pi 1.768 v 0.074 q 0.010 c 0.009) | plies 118 decisive 57% | buffer 200000 steps 16209 | 233.7 g/min eta 0.0h
[9350/10000] loss 1.857 (pi 1.770 v 0.073 q 0.010 c 0.008) | plies 120 decisive 57% | buffer 200000 steps 16253 | 233.7 g/min eta 0.0h
[9375/10000] loss 1.861 (pi 1.774 v 0.074 q 0.010 c 0.008) | plies 120 decisive 58% | buffer 200000 steps 16296 | 233.8 g/min eta 0.0h
[9400/10000] loss 1.857 (pi 1.770 v 0.073 q 0.010 c 0.008) | plies 120 decisive 57% | buffer 200000 steps 16335 | 233.9 g/min eta 0.0h
[9425/10000] loss 1.856 (pi 1.769 v 0.074 q 0.010 c 0.008) | plies 118 decisive 60% | buffer 200000 steps 16377 | 234.0 g/min eta 0.0h
[9450/10000] loss 1.854 (pi 1.767 v 0.074 q 0.010 c 0.007) | plies 118 decisive 59% | buffer 200000 steps 16419 | 234.1 g/min eta 0.0h
[9475/10000] loss 1.851 (pi 1.765 v 0.073 q 0.010 c 0.007) | plies 118 decisive 59% | buffer 200000 steps 16459 | 234.2 g/min eta 0.0h
[9500/10000] loss 1.845 (pi 1.759 v 0.073 q 0.009 c 0.007) | plies 121 decisive 56% | buffer 200000 steps 16505 | 234.2 g/min eta 0.0h
  EVAL @9500: q-greedy 7-17-0 | policy-greedy 11-13-0 | search 8-0-0 (eval 11s)
[9525/10000] loss 1.842 (pi 1.756 v 0.073 q 0.009 c 0.006) | plies 123 decisive 55% | buffer 200000 steps 16551 | 232.9 g/min eta 0.0h
[9550/10000] loss 1.843 (pi 1.758 v 0.072 q 0.009 c 0.007) | plies 124 decisive 52% | buffer 200000 steps 16595 | 233.3 g/min eta 0.0h
[9575/10000] loss 1.834 (pi 1.749 v 0.073 q 0.009 c 0.007) | plies 125 decisive 52% | buffer 200000 steps 16639 | 233.7 g/min eta 0.0h
[9600/10000] loss 1.838 (pi 1.753 v 0.072 q 0.009 c 0.007) | plies 124 decisive 54% | buffer 200000 steps 16677 | 234.1 g/min eta 0.0h
[9625/10000] loss 1.841 (pi 1.755 v 0.072 q 0.010 c 0.008) | plies 126 decisive 51% | buffer 200000 steps 16720 | 234.2 g/min eta 0.0h
[9650/10000] loss 1.840 (pi 1.754 v 0.073 q 0.010 c 0.008) | plies 124 decisive 53% | buffer 200000 steps 16760 | 234.4 g/min eta 0.0h
[9675/10000] loss 1.840 (pi 1.754 v 0.072 q 0.010 c 0.008) | plies 124 decisive 52% | buffer 200000 steps 16803 | 234.4 g/min eta 0.0h
[9700/10000] loss 1.836 (pi 1.751 v 0.072 q 0.010 c 0.007) | plies 124 decisive 52% | buffer 200000 steps 16843 | 234.5 g/min eta 0.0h
[9725/10000] loss 1.833 (pi 1.748 v 0.072 q 0.010 c 0.007) | plies 122 decisive 54% | buffer 200000 steps 16887 | 234.6 g/min eta 0.0h
[9750/10000] loss 1.829 (pi 1.743 v 0.073 q 0.010 c 0.007) | plies 119 decisive 57% | buffer 200000 steps 16927 | 234.7 g/min eta 0.0h
[9775/10000] loss 1.834 (pi 1.748 v 0.073 q 0.010 c 0.007) | plies 117 decisive 60% | buffer 200000 steps 16969 | 234.7 g/min eta 0.0h
[9800/10000] loss 1.833 (pi 1.747 v 0.073 q 0.010 c 0.007) | plies 119 decisive 61% | buffer 200000 steps 17013 | 234.8 g/min eta 0.0h
[9825/10000] loss 1.829 (pi 1.742 v 0.073 q 0.010 c 0.007) | plies 121 decisive 58% | buffer 200000 steps 17059 | 234.8 g/min eta 0.0h
[9850/10000] loss 1.831 (pi 1.745 v 0.073 q 0.010 c 0.007) | plies 123 decisive 57% | buffer 200000 steps 17104 | 234.8 g/min eta 0.0h
[9875/10000] loss 1.837 (pi 1.750 v 0.074 q 0.010 c 0.007) | plies 123 decisive 57% | buffer 200000 steps 17148 | 234.9 g/min eta 0.0h
[9900/10000] loss 1.832 (pi 1.746 v 0.073 q 0.010 c 0.007) | plies 124 decisive 56% | buffer 200000 steps 17192 | 235.0 g/min eta 0.0h
[9925/10000] loss 1.833 (pi 1.745 v 0.073 q 0.010 c 0.008) | plies 124 decisive 56% | buffer 200000 steps 17235 | 235.0 g/min eta 0.0h
[9950/10000] loss 1.824 (pi 1.737 v 0.073 q 0.010 c 0.007) | plies 124 decisive 54% | buffer 200000 steps 17274 | 235.2 g/min eta 0.0h
[9975/10000] loss 1.822 (pi 1.737 v 0.073 q 0.010 c 0.007) | plies 124 decisive 53% | buffer 200000 steps 17315 | 235.2 g/min eta 0.0h
[10000/10000] loss 1.826 (pi 1.741 v 0.072 q 0.010 c 0.007) | plies 123 decisive 51% | buffer 200000 steps 17355 | 235.3 g/min eta 0.0h
  EVAL @10000: q-greedy 6-18-0 | policy-greedy 5-19-0 | search 8-0-0 (eval 11s)
done: 10000 games, 17355 steps in 0.74h
