learner on mps, 10 workers, sims=16, study=on
[25/10000] warmup | plies 131 decisive 40% | buffer 3550 steps 0 | 166.3 g/min eta 1.0h
[50/10000] loss 3.329 (pi 3.103 v 0.064 q 0.132 c 0.059) | plies 139 decisive 32% | buffer 7419 steps 32 | 184.6 g/min eta 0.9h
[75/10000] loss 2.862 (pi 2.696 v 0.060 q 0.086 c 0.041) | plies 144 decisive 25% | buffer 11325 steps 82 | 187.8 g/min eta 0.9h
[100/10000] loss 2.591 (pi 2.471 v 0.052 q 0.055 c 0.026) | plies 146 decisive 21% | buffer 15246 steps 132 | 193.4 g/min eta 0.9h
[125/10000] loss 2.457 (pi 2.367 v 0.044 q 0.037 c 0.017) | plies 148 decisive 19% | buffer 19130 steps 181 | 193.6 g/min eta 0.9h
[150/10000] loss 2.378 (pi 2.309 v 0.038 q 0.025 c 0.011) | plies 147 decisive 18% | buffer 22844 steps 229 | 196.4 g/min eta 0.8h
[175/10000] loss 2.334 (pi 2.278 v 0.035 q 0.017 c 0.008) | plies 148 decisive 18% | buffer 26712 steps 280 | 197.8 g/min eta 0.8h
[200/10000] loss 2.312 (pi 2.263 v 0.033 q 0.012 c 0.006) | plies 148 decisive 18% | buffer 30534 steps 329 | 196.7 g/min eta 0.8h
[225/10000] loss 2.298 (pi 2.255 v 0.032 q 0.009 c 0.004) | plies 150 decisive 16% | buffer 34355 steps 381 | 197.8 g/min eta 0.8h
[250/10000] loss 2.298 (pi 2.258 v 0.031 q 0.007 c 0.003) | plies 150 decisive 15% | buffer 38160 steps 430 | 198.7 g/min eta 0.8h
[275/10000] loss 2.297 (pi 2.259 v 0.030 q 0.006 c 0.002) | plies 149 decisive 17% | buffer 41917 steps 479 | 198.7 g/min eta 0.8h
[300/10000] loss 2.298 (pi 2.262 v 0.030 q 0.005 c 0.002) | plies 149 decisive 16% | buffer 45917 steps 529 | 197.9 g/min eta 0.8h
[325/10000] loss 2.296 (pi 2.261 v 0.030 q 0.004 c 0.002) | plies 148 decisive 18% | buffer 49563 steps 576 | 199.4 g/min eta 0.8h
[350/10000] loss 2.292 (pi 2.258 v 0.029 q 0.004 c 0.002) | plies 149 decisive 18% | buffer 53444 steps 625 | 199.4 g/min eta 0.8h
[375/10000] loss 2.288 (pi 2.255 v 0.029 q 0.004 c 0.001) | plies 146 decisive 18% | buffer 56943 steps 670 | 200.6 g/min eta 0.8h
[400/10000] loss 2.284 (pi 2.252 v 0.028 q 0.003 c 0.001) | plies 145 decisive 19% | buffer 60523 steps 717 | 201.3 g/min eta 0.8h
[425/10000] loss 2.286 (pi 2.254 v 0.028 q 0.003 c 0.001) | plies 145 decisive 17% | buffer 64204 steps 764 | 202.2 g/min eta 0.8h
[450/10000] loss 2.289 (pi 2.257 v 0.028 q 0.003 c 0.001) | plies 143 decisive 20% | buffer 67720 steps 810 | 203.0 g/min eta 0.8h
[475/10000] loss 2.285 (pi 2.254 v 0.027 q 0.003 c 0.001) | plies 145 decisive 17% | buffer 71674 steps 860 | 203.7 g/min eta 0.8h
[500/10000] loss 2.282 (pi 2.251 v 0.028 q 0.003 c 0.001) | plies 144 decisive 18% | buffer 75638 steps 911 | 202.5 g/min eta 0.8h
  EVAL @500: q-greedy 2-21-1 | policy-greedy 0-24-0 | search 2-6-0 (eval 26s)
[525/10000] loss 2.283 (pi 2.252 v 0.027 q 0.003 c 0.001) | plies 145 decisive 16% | buffer 79452 steps 959 | 167.1 g/min eta 0.9h
[550/10000] loss 2.277 (pi 2.247 v 0.027 q 0.003 c 0.001) | plies 144 decisive 16% | buffer 83160 steps 1009 | 172.5 g/min eta 0.9h
[575/10000] loss 2.269 (pi 2.240 v 0.026 q 0.003 c 0.001) | plies 147 decisive 14% | buffer 87043 steps 1058 | 177.5 g/min eta 0.9h
[600/10000] loss 2.270 (pi 2.241 v 0.026 q 0.003 c 0.001) | plies 147 decisive 14% | buffer 90595 steps 1106 | 182.4 g/min eta 0.9h
[625/10000] loss 2.273 (pi 2.245 v 0.025 q 0.003 c 0.001) | plies 147 decisive 14% | buffer 94238 steps 1155 | 183.9 g/min eta 0.8h
[650/10000] loss 2.271 (pi 2.243 v 0.025 q 0.002 c 0.001) | plies 149 decisive 12% | buffer 98069 steps 1204 | 184.2 g/min eta 0.8h
[675/10000] loss 2.266 (pi 2.238 v 0.025 q 0.002 c 0.001) | plies 146 decisive 14% | buffer 101597 steps 1250 | 185.6 g/min eta 0.8h
[700/10000] loss 2.266 (pi 2.239 v 0.025 q 0.002 c 0.001) | plies 145 decisive 14% | buffer 105313 steps 1297 | 186.3 g/min eta 0.8h
[725/10000] loss 2.265 (pi 2.237 v 0.025 q 0.002 c 0.001) | plies 144 decisive 14% | buffer 108916 steps 1344 | 187.3 g/min eta 0.8h
[750/10000] loss 2.264 (pi 2.236 v 0.025 q 0.002 c 0.001) | plies 144 decisive 14% | buffer 112595 steps 1392 | 187.6 g/min eta 0.8h
[775/10000] loss 2.261 (pi 2.234 v 0.025 q 0.002 c 0.001) | plies 141 decisive 16% | buffer 116017 steps 1438 | 188.4 g/min eta 0.8h
[800/10000] loss 2.256 (pi 2.229 v 0.024 q 0.002 c 0.001) | plies 143 decisive 14% | buffer 119847 steps 1487 | 188.6 g/min eta 0.8h
[825/10000] loss 2.256 (pi 2.229 v 0.024 q 0.002 c 0.001) | plies 143 decisive 15% | buffer 123450 steps 1533 | 189.0 g/min eta 0.8h
[850/10000] loss 2.253 (pi 2.227 v 0.024 q 0.002 c 0.001) | plies 141 decisive 16% | buffer 127115 steps 1581 | 188.5 g/min eta 0.8h
[875/10000] loss 2.250 (pi 2.223 v 0.024 q 0.002 c 0.001) | plies 141 decisive 16% | buffer 130594 steps 1628 | 188.9 g/min eta 0.8h
[900/10000] loss 2.255 (pi 2.228 v 0.024 q 0.002 c 0.001) | plies 141 decisive 16% | buffer 134303 steps 1676 | 189.0 g/min eta 0.8h
[925/10000] loss 2.251 (pi 2.225 v 0.023 q 0.002 c 0.001) | plies 142 decisive 16% | buffer 137967 steps 1723 | 189.4 g/min eta 0.8h
[950/10000] loss 2.250 (pi 2.225 v 0.022 q 0.002 c 0.001) | plies 141 decisive 16% | buffer 141534 steps 1770 | 189.2 g/min eta 0.8h
[975/10000] loss 2.245 (pi 2.220 v 0.022 q 0.002 c 0.001) | plies 142 decisive 15% | buffer 145055 steps 1815 | 190.0 g/min eta 0.8h
[1000/10000] loss 2.247 (pi 2.222 v 0.023 q 0.002 c 0.001) | plies 140 decisive 16% | buffer 148616 steps 1861 | 190.6 g/min eta 0.8h
  EVAL @1000: q-greedy 1-23-0 | policy-greedy 0-24-0 | search 1-7-0 (eval 30s)
[1025/10000] loss 2.249 (pi 2.224 v 0.023 q 0.002 c 0.001) | plies 141 decisive 15% | buffer 152360 steps 1909 | 171.3 g/min eta 0.9h
[1050/10000] loss 2.251 (pi 2.225 v 0.023 q 0.002 c 0.001) | plies 141 decisive 16% | buffer 156101 steps 1959 | 174.0 g/min eta 0.9h
[1075/10000] loss 2.249 (pi 2.224 v 0.023 q 0.002 c 0.001) | plies 143 decisive 14% | buffer 159898 steps 2007 | 176.7 g/min eta 0.8h
[1100/10000] loss 2.246 (pi 2.221 v 0.023 q 0.002 c 0.001) | plies 141 decisive 16% | buffer 163331 steps 2054 | 179.5 g/min eta 0.8h
[1125/10000] loss 2.245 (pi 2.220 v 0.022 q 0.002 c 0.001) | plies 142 decisive 16% | buffer 167115 steps 2103 | 180.5 g/min eta 0.8h
[1150/10000] loss 2.246 (pi 2.221 v 0.023 q 0.002 c 0.001) | plies 142 decisive 16% | buffer 170753 steps 2150 | 181.1 g/min eta 0.8h
[1175/10000] loss 2.245 (pi 2.221 v 0.022 q 0.002 c 0.001) | plies 143 decisive 15% | buffer 174466 steps 2198 | 181.7 g/min eta 0.8h
[1200/10000] loss 2.244 (pi 2.220 v 0.021 q 0.002 c 0.001) | plies 144 decisive 14% | buffer 178147 steps 2246 | 182.2 g/min eta 0.8h
[1225/10000] loss 2.243 (pi 2.220 v 0.021 q 0.002 c 0.001) | plies 144 decisive 14% | buffer 181912 steps 2295 | 182.8 g/min eta 0.8h
[1250/10000] loss 2.244 (pi 2.220 v 0.022 q 0.002 c 0.001) | plies 145 decisive 14% | buffer 185658 steps 2344 | 182.3 g/min eta 0.8h
[1275/10000] loss 2.242 (pi 2.218 v 0.021 q 0.002 c 0.001) | plies 144 decisive 14% | buffer 189412 steps 2393 | 182.7 g/min eta 0.8h
[1300/10000] loss 2.238 (pi 2.214 v 0.021 q 0.002 c 0.001) | plies 145 decisive 14% | buffer 193012 steps 2440 | 183.0 g/min eta 0.8h
[1325/10000] loss 2.233 (pi 2.210 v 0.021 q 0.002 c 0.001) | plies 144 decisive 14% | buffer 196614 steps 2486 | 183.7 g/min eta 0.8h
[1350/10000] loss 2.229 (pi 2.206 v 0.021 q 0.002 c 0.001) | plies 146 decisive 12% | buffer 200000 steps 2535 | 183.5 g/min eta 0.8h
[1375/10000] loss 2.228 (pi 2.205 v 0.021 q 0.002 c 0.001) | plies 147 decisive 12% | buffer 200000 steps 2586 | 184.0 g/min eta 0.8h
[1400/10000] loss 2.226 (pi 2.204 v 0.020 q 0.002 c 0.001) | plies 148 decisive 11% | buffer 200000 steps 2635 | 184.3 g/min eta 0.8h
[1425/10000] loss 2.229 (pi 2.207 v 0.020 q 0.002 c 0.001) | plies 148 decisive 12% | buffer 200000 steps 2684 | 184.6 g/min eta 0.8h
[1450/10000] loss 2.227 (pi 2.206 v 0.019 q 0.001 c 0.001) | plies 148 decisive 12% | buffer 200000 steps 2732 | 185.2 g/min eta 0.8h
[1475/10000] loss 2.226 (pi 2.204 v 0.020 q 0.001 c 0.001) | plies 148 decisive 12% | buffer 200000 steps 2779 | 185.5 g/min eta 0.8h
[1500/10000] loss 2.219 (pi 2.198 v 0.020 q 0.001 c 0.001) | plies 148 decisive 10% | buffer 200000 steps 2826 | 185.8 g/min eta 0.8h
  EVAL @1500: q-greedy 5-17-2 | policy-greedy 0-24-0 | search 2-6-0 (eval 27s)
[1525/10000] loss 2.213 (pi 2.192 v 0.019 q 0.001 c 0.001) | plies 151 decisive 8% | buffer 200000 steps 2876 | 174.0 g/min eta 0.8h
[1550/10000] loss 2.206 (pi 2.185 v 0.019 q 0.001 c 0.001) | plies 149 decisive 10% | buffer 200000 steps 2923 | 175.9 g/min eta 0.8h
[1575/10000] loss 2.205 (pi 2.185 v 0.019 q 0.001 c 0.001) | plies 147 decisive 12% | buffer 200000 steps 2971 | 177.7 g/min eta 0.8h
[1600/10000] loss 2.202 (pi 2.182 v 0.019 q 0.001 c 0.001) | plies 146 decisive 12% | buffer 200000 steps 3018 | 179.5 g/min eta 0.8h
[1625/10000] loss 2.195 (pi 2.175 v 0.018 q 0.001 c 0.001) | plies 148 decisive 11% | buffer 200000 steps 3069 | 179.9 g/min eta 0.8h
[1650/10000] loss 2.188 (pi 2.168 v 0.018 q 0.001 c 0.001) | plies 148 decisive 10% | buffer 200000 steps 3118 | 180.0 g/min eta 0.8h
[1675/10000] loss 2.179 (pi 2.160 v 0.018 q 0.001 c 0.001) | plies 148 decisive 10% | buffer 200000 steps 3166 | 180.4 g/min eta 0.8h
[1700/10000] loss 2.176 (pi 2.157 v 0.018 q 0.001 c 0.001) | plies 149 decisive 10% | buffer 200000 steps 3214 | 181.0 g/min eta 0.8h
[1725/10000] loss 2.169 (pi 2.151 v 0.017 q 0.001 c 0.001) | plies 146 decisive 11% | buffer 200000 steps 3260 | 181.3 g/min eta 0.8h
[1750/10000] loss 2.163 (pi 2.145 v 0.017 q 0.001 c 0.001) | plies 147 decisive 10% | buffer 200000 steps 3308 | 181.5 g/min eta 0.8h
[1775/10000] loss 2.159 (pi 2.141 v 0.016 q 0.001 c 0.001) | plies 148 decisive 8% | buffer 200000 steps 3356 | 181.9 g/min eta 0.8h
[1800/10000] loss 2.159 (pi 2.142 v 0.016 q 0.001 c 0.001) | plies 149 decisive 10% | buffer 200000 steps 3405 | 182.2 g/min eta 0.8h
[1825/10000] loss 2.159 (pi 2.141 v 0.016 q 0.001 c 0.001) | plies 146 decisive 11% | buffer 200000 steps 3452 | 182.4 g/min eta 0.7h
[1850/10000] loss 2.157 (pi 2.140 v 0.016 q 0.001 c 0.001) | plies 145 decisive 12% | buffer 200000 steps 3497 | 183.0 g/min eta 0.7h
[1875/10000] loss 2.161 (pi 2.144 v 0.016 q 0.001 c 0.001) | plies 144 decisive 13% | buffer 200000 steps 3545 | 183.2 g/min eta 0.7h
[1900/10000] loss 2.153 (pi 2.136 v 0.016 q 0.001 c 0.001) | plies 144 decisive 14% | buffer 200000 steps 3593 | 183.8 g/min eta 0.7h
[1925/10000] loss 2.153 (pi 2.136 v 0.016 q 0.001 c 0.001) | plies 144 decisive 16% | buffer 200000 steps 3640 | 184.2 g/min eta 0.7h
[1950/10000] loss 2.147 (pi 2.130 v 0.016 q 0.001 c 0.001) | plies 142 decisive 18% | buffer 200000 steps 3686 | 184.5 g/min eta 0.7h
[1975/10000] loss 2.140 (pi 2.123 v 0.016 q 0.001 c 0.001) | plies 141 decisive 18% | buffer 200000 steps 3733 | 184.9 g/min eta 0.7h
[2000/10000] loss 2.135 (pi 2.117 v 0.016 q 0.001 c 0.000) | plies 142 decisive 18% | buffer 200000 steps 3782 | 185.2 g/min eta 0.7h
  EVAL @2000: q-greedy 1-23-0 | policy-greedy 0-23-1 | search 2-6-0 (eval 28s)
[2025/10000] loss 2.133 (pi 2.116 v 0.016 q 0.001 c 0.000) | plies 143 decisive 16% | buffer 200000 steps 3830 | 175.7 g/min eta 0.8h
[2050/10000] loss 2.130 (pi 2.112 v 0.016 q 0.001 c 0.001) | plies 145 decisive 16% | buffer 200000 steps 3879 | 177.1 g/min eta 0.7h
[2075/10000] loss 2.128 (pi 2.110 v 0.016 q 0.001 c 0.001) | plies 146 decisive 14% | buffer 200000 steps 3930 | 178.5 g/min eta 0.7h
[2100/10000] loss 2.129 (pi 2.112 v 0.016 q 0.001 c 0.001) | plies 147 decisive 12% | buffer 200000 steps 3979 | 179.9 g/min eta 0.7h
[2125/10000] loss 2.128 (pi 2.111 v 0.016 q 0.001 c 0.001) | plies 147 decisive 12% | buffer 200000 steps 4025 | 180.5 g/min eta 0.7h
[2150/10000] loss 2.124 (pi 2.107 v 0.016 q 0.001 c 0.001) | plies 147 decisive 10% | buffer 200000 steps 4072 | 180.8 g/min eta 0.7h
[2175/10000] loss 2.124 (pi 2.107 v 0.016 q 0.001 c 0.001) | plies 147 decisive 10% | buffer 200000 steps 4118 | 181.2 g/min eta 0.7h
[2200/10000] loss 2.120 (pi 2.103 v 0.016 q 0.001 c 0.001) | plies 148 decisive 10% | buffer 200000 steps 4170 | 181.5 g/min eta 0.7h
[2225/10000] loss 2.117 (pi 2.100 v 0.016 q 0.001 c 0.001) | plies 147 decisive 11% | buffer 200000 steps 4219 | 181.7 g/min eta 0.7h
[2250/10000] loss 2.118 (pi 2.101 v 0.015 q 0.001 c 0.001) | plies 147 decisive 10% | buffer 200000 steps 4267 | 181.8 g/min eta 0.7h
[2275/10000] loss 2.119 (pi 2.103 v 0.015 q 0.001 c 0.001) | plies 145 decisive 12% | buffer 200000 steps 4313 | 182.2 g/min eta 0.7h
[2300/10000] loss 2.118 (pi 2.102 v 0.015 q 0.001 c 0.000) | plies 146 decisive 12% | buffer 200000 steps 4363 | 182.2 g/min eta 0.7h
[2325/10000] loss 2.114 (pi 2.098 v 0.015 q 0.001 c 0.000) | plies 148 decisive 11% | buffer 200000 steps 4413 | 182.4 g/min eta 0.7h
[2350/10000] loss 2.108 (pi 2.092 v 0.015 q 0.001 c 0.001) | plies 149 decisive 12% | buffer 200000 steps 4464 | 182.5 g/min eta 0.7h
[2375/10000] loss 2.106 (pi 2.090 v 0.015 q 0.001 c 0.001) | plies 149 decisive 12% | buffer 200000 steps 4512 | 182.7 g/min eta 0.7h
[2400/10000] loss 2.102 (pi 2.086 v 0.015 q 0.001 c 0.001) | plies 147 decisive 12% | buffer 200000 steps 4560 | 182.9 g/min eta 0.7h
[2425/10000] loss 2.104 (pi 2.088 v 0.015 q 0.001 c 0.001) | plies 146 decisive 12% | buffer 200000 steps 4609 | 183.2 g/min eta 0.7h
[2450/10000] loss 2.103 (pi 2.087 v 0.015 q 0.001 c 0.001) | plies 144 decisive 16% | buffer 200000 steps 4654 | 183.6 g/min eta 0.7h
[2475/10000] loss 2.098 (pi 2.082 v 0.015 q 0.001 c 0.001) | plies 144 decisive 14% | buffer 200000 steps 4701 | 184.0 g/min eta 0.7h
[2500/10000] loss 2.091 (pi 2.075 v 0.015 q 0.001 c 0.001) | plies 142 decisive 17% | buffer 200000 steps 4749 | 184.2 g/min eta 0.7h
  EVAL @2500: q-greedy 4-19-1 | policy-greedy 0-24-0 | search 5-3-0 (eval 21s)
[2525/10000] loss 2.085 (pi 2.069 v 0.015 q 0.001 c 0.001) | plies 141 decisive 18% | buffer 200000 steps 4797 | 178.4 g/min eta 0.7h
[2550/10000] loss 2.084 (pi 2.067 v 0.015 q 0.001 c 0.001) | plies 140 decisive 18% | buffer 200000 steps 4844 | 179.6 g/min eta 0.7h
[2575/10000] loss 2.087 (pi 2.071 v 0.015 q 0.001 c 0.001) | plies 142 decisive 18% | buffer 200000 steps 4896 | 180.7 g/min eta 0.7h
[2600/10000] loss 2.086 (pi 2.069 v 0.016 q 0.001 c 0.001) | plies 140 decisive 21% | buffer 200000 steps 4941 | 181.9 g/min eta 0.7h
[2625/10000] loss 2.086 (pi 2.069 v 0.016 q 0.001 c 0.001) | plies 140 decisive 22% | buffer 200000 steps 4991 | 182.4 g/min eta 0.7h
[2650/10000] loss 2.084 (pi 2.067 v 0.016 q 0.001 c 0.001) | plies 141 decisive 20% | buffer 200000 steps 5037 | 182.8 g/min eta 0.7h
[2675/10000] loss 2.083 (pi 2.066 v 0.016 q 0.001 c 0.001) | plies 141 decisive 20% | buffer 200000 steps 5084 | 183.1 g/min eta 0.7h
[2700/10000] loss 2.084 (pi 2.067 v 0.016 q 0.001 c 0.001) | plies 141 decisive 20% | buffer 200000 steps 5132 | 183.4 g/min eta 0.7h
[2725/10000] loss 2.078 (pi 2.061 v 0.016 q 0.001 c 0.001) | plies 141 decisive 18% | buffer 200000 steps 5182 | 183.6 g/min eta 0.7h
[2750/10000] loss 2.080 (pi 2.062 v 0.016 q 0.001 c 0.001) | plies 142 decisive 19% | buffer 200000 steps 5232 | 183.9 g/min eta 0.7h
[2775/10000] loss 2.074 (pi 2.057 v 0.016 q 0.001 c 0.001) | plies 140 decisive 20% | buffer 200000 steps 5278 | 184.1 g/min eta 0.7h
[2800/10000] loss 2.071 (pi 2.054 v 0.016 q 0.001 c 0.001) | plies 142 decisive 18% | buffer 200000 steps 5326 | 184.4 g/min eta 0.7h
[2825/10000] loss 2.074 (pi 2.056 v 0.017 q 0.001 c 0.001) | plies 142 decisive 18% | buffer 200000 steps 5374 | 184.7 g/min eta 0.6h
[2850/10000] loss 2.071 (pi 2.052 v 0.017 q 0.001 c 0.001) | plies 142 decisive 18% | buffer 200000 steps 5422 | 184.8 g/min eta 0.6h
[2875/10000] loss 2.070 (pi 2.051 v 0.018 q 0.001 c 0.001) | plies 142 decisive 20% | buffer 200000 steps 5471 | 185.0 g/min eta 0.6h
[2900/10000] loss 2.069 (pi 2.049 v 0.018 q 0.001 c 0.001) | plies 142 decisive 20% | buffer 200000 steps 5518 | 185.3 g/min eta 0.6h
[2925/10000] loss 2.065 (pi 2.045 v 0.018 q 0.001 c 0.001) | plies 141 decisive 22% | buffer 200000 steps 5567 | 185.5 g/min eta 0.6h
[2950/10000] loss 2.060 (pi 2.040 v 0.018 q 0.001 c 0.001) | plies 142 decisive 20% | buffer 200000 steps 5617 | 185.7 g/min eta 0.6h
[2975/10000] loss 2.060 (pi 2.041 v 0.018 q 0.001 c 0.001) | plies 142 decisive 20% | buffer 200000 steps 5664 | 185.9 g/min eta 0.6h
[3000/10000] loss 2.057 (pi 2.037 v 0.018 q 0.001 c 0.001) | plies 143 decisive 20% | buffer 200000 steps 5713 | 186.1 g/min eta 0.6h
  EVAL @3000: q-greedy 6-18-0 | policy-greedy 0-24-0 | search 8-0-0 (eval 21s)
[3025/10000] loss 2.064 (pi 2.044 v 0.019 q 0.001 c 0.001) | plies 145 decisive 20% | buffer 200000 steps 5764 | 181.0 g/min eta 0.6h
[3050/10000] loss 2.061 (pi 2.041 v 0.019 q 0.001 c 0.001) | plies 144 decisive 19% | buffer 200000 steps 5810 | 182.1 g/min eta 0.6h
[3075/10000] loss 2.062 (pi 2.041 v 0.019 q 0.001 c 0.001) | plies 144 decisive 20% | buffer 200000 steps 5862 | 183.0 g/min eta 0.6h
[3100/10000] loss 2.061 (pi 2.039 v 0.020 q 0.001 c 0.001) | plies 143 decisive 21% | buffer 200000 steps 5910 | 184.0 g/min eta 0.6h
[3125/10000] loss 2.058 (pi 2.036 v 0.020 q 0.001 c 0.001) | plies 141 decisive 22% | buffer 200000 steps 5954 | 184.5 g/min eta 0.6h
[3150/10000] loss 2.056 (pi 2.034 v 0.020 q 0.001 c 0.001) | plies 140 decisive 22% | buffer 200000 steps 6003 | 184.7 g/min eta 0.6h
[3175/10000] loss 2.057 (pi 2.035 v 0.020 q 0.001 c 0.001) | plies 142 decisive 21% | buffer 200000 steps 6052 | 185.0 g/min eta 0.6h
[3200/10000] loss 2.058 (pi 2.035 v 0.021 q 0.001 c 0.001) | plies 142 decisive 20% | buffer 200000 steps 6102 | 185.1 g/min eta 0.6h
[3225/10000] loss 2.057 (pi 2.034 v 0.021 q 0.001 c 0.001) | plies 138 decisive 24% | buffer 200000 steps 6149 | 185.5 g/min eta 0.6h
[3250/10000] loss 2.055 (pi 2.032 v 0.020 q 0.001 c 0.001) | plies 139 decisive 23% | buffer 200000 steps 6196 | 185.7 g/min eta 0.6h
[3275/10000] loss 2.052 (pi 2.030 v 0.020 q 0.001 c 0.001) | plies 138 decisive 22% | buffer 200000 steps 6241 | 186.0 g/min eta 0.6h
[3300/10000] loss 2.052 (pi 2.029 v 0.021 q 0.001 c 0.001) | plies 138 decisive 22% | buffer 200000 steps 6286 | 186.2 g/min eta 0.6h
[3325/10000] loss 2.049 (pi 2.025 v 0.022 q 0.001 c 0.001) | plies 141 decisive 20% | buffer 200000 steps 6334 | 186.4 g/min eta 0.6h
[3350/10000] loss 2.048 (pi 2.024 v 0.022 q 0.001 c 0.001) | plies 139 decisive 22% | buffer 200000 steps 6382 | 186.6 g/min eta 0.6h
[3375/10000] loss 2.049 (pi 2.026 v 0.021 q 0.001 c 0.001) | plies 139 decisive 23% | buffer 200000 steps 6432 | 186.7 g/min eta 0.6h
[3400/10000] loss 2.050 (pi 2.027 v 0.021 q 0.001 c 0.001) | plies 138 decisive 24% | buffer 200000 steps 6480 | 186.8 g/min eta 0.6h
[3425/10000] loss 2.046 (pi 2.023 v 0.021 q 0.002 c 0.001) | plies 140 decisive 22% | buffer 200000 steps 6531 | 186.8 g/min eta 0.6h
[3450/10000] loss 2.046 (pi 2.022 v 0.022 q 0.002 c 0.001) | plies 139 decisive 24% | buffer 200000 steps 6581 | 187.0 g/min eta 0.6h
[3475/10000] loss 2.044 (pi 2.019 v 0.022 q 0.002 c 0.001) | plies 141 decisive 26% | buffer 200000 steps 6633 | 187.1 g/min eta 0.6h
[3500/10000] loss 2.046 (pi 2.021 v 0.023 q 0.002 c 0.001) | plies 141 decisive 26% | buffer 200000 steps 6680 | 187.3 g/min eta 0.6h
  EVAL @3500: q-greedy 10-14-0 | policy-greedy 0-24-0 | search 6-2-0 (eval 24s)
[3525/10000] loss 2.046 (pi 2.020 v 0.023 q 0.002 c 0.001) | plies 141 decisive 27% | buffer 200000 steps 6729 | 182.8 g/min eta 0.6h
[3550/10000] loss 2.046 (pi 2.020 v 0.024 q 0.002 c 0.001) | plies 139 decisive 28% | buffer 200000 steps 6775 | 183.7 g/min eta 0.6h
[3575/10000] loss 2.043 (pi 2.016 v 0.024 q 0.002 c 0.002) | plies 138 decisive 30% | buffer 200000 steps 6823 | 184.5 g/min eta 0.6h
[3600/10000] loss 2.039 (pi 2.011 v 0.025 q 0.002 c 0.002) | plies 137 decisive 30% | buffer 200000 steps 6870 | 185.4 g/min eta 0.6h
[3625/10000] loss 2.041 (pi 2.013 v 0.025 q 0.002 c 0.002) | plies 136 decisive 30% | buffer 200000 steps 6916 | 185.7 g/min eta 0.6h
[3650/10000] loss 2.037 (pi 2.009 v 0.025 q 0.002 c 0.002) | plies 138 decisive 28% | buffer 200000 steps 6968 | 185.8 g/min eta 0.6h
[3675/10000] loss 2.035 (pi 2.007 v 0.026 q 0.002 c 0.002) | plies 138 decisive 28% | buffer 200000 steps 7019 | 185.9 g/min eta 0.6h
[3700/10000] loss 2.038 (pi 2.009 v 0.026 q 0.002 c 0.002) | plies 138 decisive 27% | buffer 200000 steps 7065 | 186.1 g/min eta 0.6h
[3725/10000] loss 2.037 (pi 2.007 v 0.027 q 0.002 c 0.002) | plies 137 decisive 28% | buffer 200000 steps 7114 | 186.2 g/min eta 0.6h
[3750/10000] loss 2.035 (pi 2.005 v 0.027 q 0.002 c 0.002) | plies 139 decisive 26% | buffer 200000 steps 7162 | 186.4 g/min eta 0.6h
[3775/10000] loss 2.039 (pi 2.009 v 0.027 q 0.002 c 0.002) | plies 140 decisive 27% | buffer 200000 steps 7215 | 186.5 g/min eta 0.6h
[3800/10000] loss 2.036 (pi 2.005 v 0.028 q 0.002 c 0.002) | plies 140 decisive 27% | buffer 200000 steps 7263 | 186.6 g/min eta 0.6h
[3825/10000] loss 2.033 (pi 2.003 v 0.028 q 0.002 c 0.002) | plies 139 decisive 29% | buffer 200000 steps 7315 | 186.8 g/min eta 0.6h
[3850/10000] loss 2.032 (pi 2.000 v 0.029 q 0.002 c 0.002) | plies 137 decisive 31% | buffer 200000 steps 7364 | 187.0 g/min eta 0.5h
[3875/10000] loss 2.032 (pi 2.001 v 0.029 q 0.002 c 0.002) | plies 137 decisive 30% | buffer 200000 steps 7415 | 187.1 g/min eta 0.5h
[3900/10000] loss 2.032 (pi 2.000 v 0.029 q 0.002 c 0.002) | plies 137 decisive 30% | buffer 200000 steps 7467 | 187.3 g/min eta 0.5h
[3925/10000] loss 2.030 (pi 1.998 v 0.029 q 0.002 c 0.002) | plies 137 decisive 32% | buffer 200000 steps 7518 | 187.3 g/min eta 0.5h
[3950/10000] loss 2.031 (pi 1.998 v 0.030 q 0.002 c 0.002) | plies 136 decisive 32% | buffer 200000 steps 7565 | 187.5 g/min eta 0.5h
[3975/10000] loss 2.028 (pi 1.995 v 0.030 q 0.002 c 0.002) | plies 136 decisive 33% | buffer 200000 steps 7614 | 187.8 g/min eta 0.5h
[4000/10000] loss 2.026 (pi 1.993 v 0.030 q 0.002 c 0.002) | plies 136 decisive 34% | buffer 200000 steps 7664 | 187.9 g/min eta 0.5h
  EVAL @4000: q-greedy 6-18-0 | policy-greedy 0-24-0 | search 8-0-0 (eval 18s)
[4025/10000] loss 2.027 (pi 1.994 v 0.030 q 0.002 c 0.002) | plies 136 decisive 33% | buffer 200000 steps 7715 | 184.5 g/min eta 0.5h
[4050/10000] loss 2.024 (pi 1.991 v 0.030 q 0.002 c 0.002) | plies 136 decisive 35% | buffer 200000 steps 7764 | 185.2 g/min eta 0.5h
[4075/10000] loss 2.020 (pi 1.986 v 0.031 q 0.002 c 0.002) | plies 135 decisive 36% | buffer 200000 steps 7818 | 185.8 g/min eta 0.5h
[4100/10000] loss 2.018 (pi 1.983 v 0.032 q 0.003 c 0.002) | plies 133 decisive 38% | buffer 200000 steps 7866 | 186.6 g/min eta 0.5h
[4125/10000] loss 2.014 (pi 1.978 v 0.032 q 0.003 c 0.002) | plies 131 decisive 39% | buffer 200000 steps 7914 | 187.1 g/min eta 0.5h
[4150/10000] loss 2.016 (pi 1.980 v 0.032 q 0.003 c 0.002) | plies 131 decisive 40% | buffer 200000 steps 7961 | 187.2 g/min eta 0.5h
[4175/10000] loss 2.014 (pi 1.978 v 0.033 q 0.003 c 0.002) | plies 131 decisive 38% | buffer 200000 steps 8007 | 187.3 g/min eta 0.5h
[4200/10000] loss 2.018 (pi 1.981 v 0.033 q 0.003 c 0.002) | plies 131 decisive 39% | buffer 200000 steps 8056 | 187.5 g/min eta 0.5h
[4225/10000] loss 2.016 (pi 1.979 v 0.033 q 0.003 c 0.002) | plies 131 decisive 38% | buffer 200000 steps 8102 | 187.7 g/min eta 0.5h
[4250/10000] loss 2.016 (pi 1.979 v 0.034 q 0.003 c 0.002) | plies 131 decisive 38% | buffer 200000 steps 8150 | 187.7 g/min eta 0.5h
[4275/10000] loss 2.020 (pi 1.982 v 0.034 q 0.003 c 0.002) | plies 129 decisive 39% | buffer 200000 steps 8199 | 187.9 g/min eta 0.5h
[4300/10000] loss 2.021 (pi 1.983 v 0.034 q 0.003 c 0.003) | plies 129 decisive 40% | buffer 200000 steps 8248 | 188.1 g/min eta 0.5h
[4325/10000] loss 2.025 (pi 1.986 v 0.035 q 0.003 c 0.003) | plies 131 decisive 39% | buffer 200000 steps 8299 | 188.2 g/min eta 0.5h
[4350/10000] loss 2.024 (pi 1.984 v 0.035 q 0.003 c 0.003) | plies 130 decisive 39% | buffer 200000 steps 8350 | 188.3 g/min eta 0.5h
[4375/10000] loss 2.023 (pi 1.983 v 0.036 q 0.003 c 0.003) | plies 129 decisive 42% | buffer 200000 steps 8400 | 188.5 g/min eta 0.5h
[4400/10000] loss 2.021 (pi 1.980 v 0.036 q 0.003 c 0.003) | plies 128 decisive 43% | buffer 200000 steps 8448 | 188.6 g/min eta 0.5h
[4425/10000] loss 2.024 (pi 1.983 v 0.037 q 0.003 c 0.003) | plies 128 decisive 44% | buffer 200000 steps 8498 | 188.8 g/min eta 0.5h
[4450/10000] loss 2.021 (pi 1.979 v 0.037 q 0.003 c 0.003) | plies 127 decisive 46% | buffer 200000 steps 8545 | 188.9 g/min eta 0.5h
[4475/10000] loss 2.017 (pi 1.975 v 0.038 q 0.003 c 0.003) | plies 128 decisive 46% | buffer 200000 steps 8597 | 189.1 g/min eta 0.5h
[4500/10000] loss 2.022 (pi 1.979 v 0.038 q 0.003 c 0.003) | plies 129 decisive 46% | buffer 200000 steps 8648 | 189.2 g/min eta 0.5h
  EVAL @4500: q-greedy 11-13-0 | policy-greedy 3-21-0 | search 8-0-0 (eval 13s)
[4525/10000] loss 2.019 (pi 1.976 v 0.039 q 0.003 c 0.003) | plies 127 decisive 48% | buffer 200000 steps 8696 | 186.9 g/min eta 0.5h
[4550/10000] loss 2.021 (pi 1.977 v 0.040 q 0.003 c 0.003) | plies 127 decisive 48% | buffer 200000 steps 8742 | 187.5 g/min eta 0.5h
[4575/10000] loss 2.022 (pi 1.977 v 0.040 q 0.003 c 0.003) | plies 126 decisive 51% | buffer 200000 steps 8792 | 188.2 g/min eta 0.5h
[4600/10000] loss 2.015 (pi 1.969 v 0.041 q 0.003 c 0.003) | plies 124 decisive 51% | buffer 200000 steps 8836 | 188.9 g/min eta 0.5h
[4625/10000] loss 2.016 (pi 1.968 v 0.042 q 0.004 c 0.004) | plies 123 decisive 54% | buffer 200000 steps 8890 | 189.1 g/min eta 0.5h
[4650/10000] loss 2.014 (pi 1.966 v 0.042 q 0.004 c 0.004) | plies 124 decisive 52% | buffer 200000 steps 8937 | 189.3 g/min eta 0.5h
[4675/10000] loss 2.015 (pi 1.967 v 0.043 q 0.004 c 0.004) | plies 123 decisive 55% | buffer 200000 steps 8989 | 189.3 g/min eta 0.5h
[4700/10000] loss 2.018 (pi 1.969 v 0.043 q 0.004 c 0.004) | plies 122 decisive 56% | buffer 200000 steps 9041 | 189.5 g/min eta 0.5h
[4725/10000] loss 2.018 (pi 1.968 v 0.044 q 0.004 c 0.004) | plies 121 decisive 57% | buffer 200000 steps 9087 | 189.6 g/min eta 0.5h
[4750/10000] loss 2.018 (pi 1.967 v 0.045 q 0.004 c 0.004) | plies 119 decisive 61% | buffer 200000 steps 9134 | 189.7 g/min eta 0.5h
[4775/10000] loss 2.017 (pi 1.965 v 0.046 q 0.004 c 0.004) | plies 118 decisive 60% | buffer 200000 steps 9181 | 190.0 g/min eta 0.5h
[4800/10000] loss 2.016 (pi 1.963 v 0.047 q 0.004 c 0.004) | plies 120 decisive 62% | buffer 200000 steps 9234 | 190.0 g/min eta 0.5h
[4825/10000] loss 2.011 (pi 1.957 v 0.047 q 0.004 c 0.004) | plies 120 decisive 60% | buffer 200000 steps 9285 | 190.2 g/min eta 0.5h
[4850/10000] loss 2.013 (pi 1.959 v 0.048 q 0.004 c 0.004) | plies 120 decisive 60% | buffer 200000 steps 9333 | 190.3 g/min eta 0.5h
[4875/10000] loss 2.013 (pi 1.959 v 0.048 q 0.005 c 0.004) | plies 120 decisive 60% | buffer 200000 steps 9383 | 190.4 g/min eta 0.4h
[4900/10000] loss 2.006 (pi 1.951 v 0.049 q 0.005 c 0.004) | plies 121 decisive 60% | buffer 200000 steps 9434 | 190.4 g/min eta 0.4h
[4925/10000] loss 2.009 (pi 1.953 v 0.049 q 0.005 c 0.004) | plies 123 decisive 57% | buffer 200000 steps 9483 | 190.6 g/min eta 0.4h
[4950/10000] loss 2.009 (pi 1.952 v 0.049 q 0.005 c 0.005) | plies 126 decisive 54% | buffer 200000 steps 9534 | 190.7 g/min eta 0.4h
[4975/10000] loss 2.003 (pi 1.947 v 0.049 q 0.005 c 0.005) | plies 126 decisive 53% | buffer 200000 steps 9584 | 190.8 g/min eta 0.4h
[5000/10000] loss 2.006 (pi 1.949 v 0.050 q 0.005 c 0.005) | plies 126 decisive 54% | buffer 200000 steps 9634 | 191.0 g/min eta 0.4h
  EVAL @5000: q-greedy 12-11-1 | policy-greedy 4-20-0 | search 8-0-0 (eval 15s)
[5025/10000] loss 2.013 (pi 1.955 v 0.050 q 0.005 c 0.005) | plies 127 decisive 54% | buffer 200000 steps 9685 | 188.8 g/min eta 0.4h
[5050/10000] loss 2.015 (pi 1.957 v 0.051 q 0.005 c 0.006) | plies 127 decisive 55% | buffer 200000 steps 9733 | 189.3 g/min eta 0.4h
[5075/10000] loss 2.018 (pi 1.958 v 0.051 q 0.005 c 0.006) | plies 128 decisive 52% | buffer 200000 steps 9786 | 189.9 g/min eta 0.4h
[5100/10000] loss 2.014 (pi 1.955 v 0.051 q 0.005 c 0.005) | plies 126 decisive 54% | buffer 200000 steps 9832 | 190.5 g/min eta 0.4h
[5125/10000] loss 2.009 (pi 1.949 v 0.052 q 0.005 c 0.005) | plies 124 decisive 56% | buffer 200000 steps 9877 | 190.9 g/min eta 0.4h
[5150/10000] loss 2.008 (pi 1.948 v 0.052 q 0.005 c 0.005) | plies 122 decisive 57% | buffer 200000 steps 9923 | 191.1 g/min eta 0.4h
[5175/10000] loss 2.011 (pi 1.949 v 0.054 q 0.005 c 0.005) | plies 124 decisive 54% | buffer 200000 steps 9971 | 191.2 g/min eta 0.4h
[5200/10000] loss 2.014 (pi 1.952 v 0.054 q 0.005 c 0.005) | plies 123 decisive 54% | buffer 200000 steps 10020 | 191.4 g/min eta 0.4h
[5225/10000] loss 2.016 (pi 1.954 v 0.054 q 0.006 c 0.006) | plies 119 decisive 56% | buffer 200000 steps 10063 | 191.6 g/min eta 0.4h
[5250/10000] loss 2.021 (pi 1.958 v 0.054 q 0.006 c 0.006) | plies 119 decisive 56% | buffer 200000 steps 10114 | 191.7 g/min eta 0.4h
[5275/10000] loss 2.023 (pi 1.959 v 0.055 q 0.006 c 0.006) | plies 118 decisive 58% | buffer 200000 steps 10162 | 191.8 g/min eta 0.4h
[5300/10000] loss 2.024 (pi 1.961 v 0.055 q 0.006 c 0.006) | plies 120 decisive 55% | buffer 200000 steps 10209 | 191.9 g/min eta 0.4h
[5325/10000] loss 2.015 (pi 1.952 v 0.054 q 0.006 c 0.006) | plies 121 decisive 55% | buffer 200000 steps 10253 | 192.1 g/min eta 0.4h
[5350/10000] loss 2.020 (pi 1.957 v 0.055 q 0.006 c 0.006) | plies 121 decisive 54% | buffer 200000 steps 10302 | 192.3 g/min eta 0.4h
[5375/10000] loss 2.025 (pi 1.960 v 0.056 q 0.006 c 0.007) | plies 119 decisive 56% | buffer 200000 steps 10348 | 192.4 g/min eta 0.4h
[5400/10000] loss 2.021 (pi 1.955 v 0.056 q 0.006 c 0.006) | plies 121 decisive 52% | buffer 200000 steps 10395 | 192.6 g/min eta 0.4h
[5425/10000] loss 2.018 (pi 1.953 v 0.056 q 0.006 c 0.006) | plies 122 decisive 51% | buffer 200000 steps 10440 | 192.7 g/min eta 0.4h
[5450/10000] loss 2.012 (pi 1.947 v 0.056 q 0.006 c 0.006) | plies 121 decisive 52% | buffer 200000 steps 10488 | 192.8 g/min eta 0.4h
[5475/10000] loss 2.010 (pi 1.945 v 0.056 q 0.006 c 0.006) | plies 120 decisive 50% | buffer 200000 steps 10533 | 193.0 g/min eta 0.4h
[5500/10000] loss 2.007 (pi 1.942 v 0.056 q 0.006 c 0.007) | plies 119 decisive 52% | buffer 200000 steps 10580 | 193.1 g/min eta 0.4h
  EVAL @5500: q-greedy 13-11-0 | policy-greedy 4-20-0 | search 8-0-0 (eval 14s)
[5525/10000] loss 2.012 (pi 1.946 v 0.056 q 0.006 c 0.007) | plies 122 decisive 48% | buffer 200000 steps 10632 | 191.4 g/min eta 0.4h
[5550/10000] loss 2.013 (pi 1.947 v 0.056 q 0.006 c 0.006) | plies 120 decisive 50% | buffer 200000 steps 10673 | 192.0 g/min eta 0.4h
[5575/10000] loss 2.012 (pi 1.946 v 0.057 q 0.006 c 0.006) | plies 121 decisive 49% | buffer 200000 steps 10723 | 192.5 g/min eta 0.4h
[5600/10000] loss 2.010 (pi 1.944 v 0.057 q 0.006 c 0.006) | plies 121 decisive 50% | buffer 200000 steps 10771 | 193.1 g/min eta 0.4h
[5625/10000] loss 2.008 (pi 1.941 v 0.057 q 0.006 c 0.006) | plies 119 decisive 52% | buffer 200000 steps 10818 | 193.3 g/min eta 0.4h
[5650/10000] loss 2.009 (pi 1.942 v 0.058 q 0.006 c 0.006) | plies 119 decisive 50% | buffer 200000 steps 10863 | 193.4 g/min eta 0.4h
[5675/10000] loss 2.016 (pi 1.947 v 0.059 q 0.006 c 0.007) | plies 119 decisive 52% | buffer 200000 steps 10908 | 193.6 g/min eta 0.4h
[5700/10000] loss 2.013 (pi 1.944 v 0.059 q 0.006 c 0.007) | plies 117 decisive 55% | buffer 200000 steps 10954 | 193.8 g/min eta 0.4h
[5725/10000] loss 2.008 (pi 1.940 v 0.059 q 0.006 c 0.006) | plies 115 decisive 58% | buffer 200000 steps 11002 | 193.9 g/min eta 0.4h
[5750/10000] loss 2.012 (pi 1.942 v 0.059 q 0.007 c 0.007) | plies 117 decisive 57% | buffer 200000 steps 11050 | 194.1 g/min eta 0.4h
[5775/10000] loss 2.010 (pi 1.941 v 0.059 q 0.007 c 0.007) | plies 117 decisive 57% | buffer 200000 steps 11096 | 194.2 g/min eta 0.4h
[5800/10000] loss 2.007 (pi 1.937 v 0.059 q 0.007 c 0.007) | plies 115 decisive 60% | buffer 200000 steps 11143 | 194.4 g/min eta 0.4h
[5825/10000] loss 2.010 (pi 1.940 v 0.060 q 0.007 c 0.007) | plies 115 decisive 59% | buffer 200000 steps 11187 | 194.5 g/min eta 0.4h
[5850/10000] loss 2.011 (pi 1.942 v 0.059 q 0.007 c 0.006) | plies 115 decisive 60% | buffer 200000 steps 11232 | 194.7 g/min eta 0.4h
[5875/10000] loss 2.010 (pi 1.940 v 0.060 q 0.007 c 0.006) | plies 115 decisive 60% | buffer 200000 steps 11278 | 194.8 g/min eta 0.4h
[5900/10000] loss 2.015 (pi 1.945 v 0.060 q 0.007 c 0.006) | plies 116 decisive 58% | buffer 200000 steps 11325 | 194.9 g/min eta 0.4h
[5925/10000] loss 2.013 (pi 1.943 v 0.060 q 0.007 c 0.006) | plies 115 decisive 57% | buffer 200000 steps 11369 | 195.0 g/min eta 0.3h
[5950/10000] loss 2.015 (pi 1.945 v 0.060 q 0.007 c 0.006) | plies 116 decisive 57% | buffer 200000 steps 11421 | 195.2 g/min eta 0.3h
[5975/10000] loss 2.008 (pi 1.938 v 0.060 q 0.007 c 0.006) | plies 116 decisive 57% | buffer 200000 steps 11472 | 195.2 g/min eta 0.3h
[6000/10000] loss 2.007 (pi 1.937 v 0.059 q 0.007 c 0.007) | plies 118 decisive 56% | buffer 200000 steps 11524 | 195.3 g/min eta 0.3h
  EVAL @6000: q-greedy 11-13-0 | policy-greedy 4-20-0 | search 8-0-0 (eval 13s)
[6025/10000] loss 2.006 (pi 1.936 v 0.059 q 0.007 c 0.007) | plies 120 decisive 54% | buffer 200000 steps 11571 | 193.8 g/min eta 0.3h
[6050/10000] loss 2.000 (pi 1.930 v 0.059 q 0.007 c 0.006) | plies 121 decisive 53% | buffer 200000 steps 11620 | 194.3 g/min eta 0.3h
[6075/10000] loss 2.001 (pi 1.932 v 0.059 q 0.007 c 0.007) | plies 121 decisive 55% | buffer 200000 steps 11667 | 194.8 g/min eta 0.3h
[6100/10000] loss 2.005 (pi 1.935 v 0.060 q 0.007 c 0.007) | plies 121 decisive 54% | buffer 200000 steps 11716 | 195.3 g/min eta 0.3h
[6125/10000] loss 2.000 (pi 1.930 v 0.060 q 0.007 c 0.007) | plies 123 decisive 51% | buffer 200000 steps 11764 | 195.5 g/min eta 0.3h
[6150/10000] loss 1.999 (pi 1.930 v 0.059 q 0.007 c 0.006) | plies 123 decisive 50% | buffer 200000 steps 11812 | 195.6 g/min eta 0.3h
[6175/10000] loss 2.000 (pi 1.930 v 0.059 q 0.007 c 0.007) | plies 122 decisive 52% | buffer 200000 steps 11860 | 195.7 g/min eta 0.3h
[6200/10000] loss 1.996 (pi 1.926 v 0.060 q 0.007 c 0.007) | plies 122 decisive 50% | buffer 200000 steps 11909 | 195.8 g/min eta 0.3h
[6225/10000] loss 1.999 (pi 1.929 v 0.060 q 0.007 c 0.007) | plies 123 decisive 51% | buffer 200000 steps 11961 | 195.9 g/min eta 0.3h
[6250/10000] loss 1.997 (pi 1.927 v 0.060 q 0.007 c 0.007) | plies 123 decisive 50% | buffer 200000 steps 12006 | 196.0 g/min eta 0.3h
[6275/10000] loss 2.001 (pi 1.932 v 0.060 q 0.007 c 0.006) | plies 123 decisive 50% | buffer 200000 steps 12057 | 196.2 g/min eta 0.3h
[6300/10000] loss 2.012 (pi 1.942 v 0.060 q 0.007 c 0.006) | plies 123 decisive 52% | buffer 200000 steps 12105 | 196.2 g/min eta 0.3h
[6325/10000] loss 2.002 (pi 1.933 v 0.060 q 0.007 c 0.006) | plies 122 decisive 54% | buffer 200000 steps 12152 | 196.3 g/min eta 0.3h
[6350/10000] loss 1.997 (pi 1.927 v 0.060 q 0.007 c 0.006) | plies 122 decisive 56% | buffer 200000 steps 12203 | 196.3 g/min eta 0.3h
[6375/10000] loss 1.999 (pi 1.929 v 0.060 q 0.007 c 0.006) | plies 126 decisive 52% | buffer 200000 steps 12251 | 196.5 g/min eta 0.3h
[6400/10000] loss 1.991 (pi 1.922 v 0.060 q 0.007 c 0.006) | plies 124 decisive 54% | buffer 200000 steps 12297 | 196.6 g/min eta 0.3h
[6425/10000] loss 1.993 (pi 1.923 v 0.060 q 0.007 c 0.006) | plies 123 decisive 54% | buffer 200000 steps 12348 | 196.7 g/min eta 0.3h
[6450/10000] loss 1.992 (pi 1.922 v 0.060 q 0.007 c 0.006) | plies 123 decisive 55% | buffer 200000 steps 12395 | 196.8 g/min eta 0.3h
[6475/10000] loss 1.984 (pi 1.916 v 0.059 q 0.007 c 0.006) | plies 122 decisive 52% | buffer 200000 steps 12439 | 197.0 g/min eta 0.3h
[6500/10000] loss 1.988 (pi 1.919 v 0.059 q 0.007 c 0.006) | plies 121 decisive 52% | buffer 200000 steps 12484 | 197.1 g/min eta 0.3h
  EVAL @6500: q-greedy 10-14-0 | policy-greedy 2-22-0 | search 8-0-0 (eval 13s)
[6525/10000] loss 1.987 (pi 1.918 v 0.059 q 0.007 c 0.005) | plies 122 decisive 52% | buffer 200000 steps 12531 | 195.7 g/min eta 0.3h
[6550/10000] loss 1.982 (pi 1.913 v 0.059 q 0.007 c 0.006) | plies 121 decisive 50% | buffer 200000 steps 12578 | 196.2 g/min eta 0.3h
[6575/10000] loss 1.983 (pi 1.914 v 0.059 q 0.007 c 0.006) | plies 119 decisive 53% | buffer 200000 steps 12625 | 196.7 g/min eta 0.3h
[6600/10000] loss 1.984 (pi 1.915 v 0.060 q 0.007 c 0.005) | plies 120 decisive 52% | buffer 200000 steps 12676 | 197.2 g/min eta 0.3h
[6625/10000] loss 1.989 (pi 1.919 v 0.060 q 0.007 c 0.006) | plies 118 decisive 54% | buffer 200000 steps 12721 | 197.4 g/min eta 0.3h
[6650/10000] loss 1.992 (pi 1.922 v 0.060 q 0.007 c 0.006) | plies 118 decisive 56% | buffer 200000 steps 12771 | 197.5 g/min eta 0.3h
[6675/10000] loss 1.987 (pi 1.917 v 0.060 q 0.007 c 0.005) | plies 117 decisive 58% | buffer 200000 steps 12813 | 197.7 g/min eta 0.3h
[6700/10000] loss 1.991 (pi 1.921 v 0.060 q 0.007 c 0.005) | plies 117 decisive 60% | buffer 200000 steps 12860 | 197.8 g/min eta 0.3h
[6725/10000] loss 1.990 (pi 1.920 v 0.061 q 0.007 c 0.005) | plies 119 decisive 60% | buffer 200000 steps 12913 | 197.8 g/min eta 0.3h
[6750/10000] loss 1.993 (pi 1.922 v 0.061 q 0.007 c 0.005) | plies 118 decisive 62% | buffer 200000 steps 12958 | 197.9 g/min eta 0.3h
[6775/10000] loss 1.989 (pi 1.919 v 0.061 q 0.007 c 0.005) | plies 118 decisive 62% | buffer 200000 steps 13005 | 198.0 g/min eta 0.3h
[6800/10000] loss 1.991 (pi 1.920 v 0.062 q 0.007 c 0.005) | plies 117 decisive 62% | buffer 200000 steps 13050 | 198.1 g/min eta 0.3h
[6825/10000] loss 1.991 (pi 1.921 v 0.061 q 0.007 c 0.005) | plies 117 decisive 60% | buffer 200000 steps 13098 | 198.2 g/min eta 0.3h
[6850/10000] loss 1.988 (pi 1.917 v 0.061 q 0.007 c 0.005) | plies 116 decisive 59% | buffer 200000 steps 13145 | 198.3 g/min eta 0.3h
[6875/10000] loss 1.984 (pi 1.914 v 0.061 q 0.007 c 0.005) | plies 119 decisive 56% | buffer 200000 steps 13191 | 198.4 g/min eta 0.3h
[6900/10000] loss 1.987 (pi 1.916 v 0.061 q 0.007 c 0.005) | plies 120 decisive 53% | buffer 200000 steps 13238 | 198.5 g/min eta 0.3h
[6925/10000] loss 1.982 (pi 1.911 v 0.061 q 0.007 c 0.006) | plies 117 decisive 54% | buffer 200000 steps 13287 | 198.6 g/min eta 0.3h
[6950/10000] loss 1.982 (pi 1.910 v 0.062 q 0.007 c 0.005) | plies 118 decisive 52% | buffer 200000 steps 13336 | 198.7 g/min eta 0.3h
[6975/10000] loss 1.980 (pi 1.909 v 0.061 q 0.007 c 0.005) | plies 119 decisive 52% | buffer 200000 steps 13385 | 198.7 g/min eta 0.3h
[7000/10000] loss 1.974 (pi 1.904 v 0.061 q 0.007 c 0.005) | plies 118 decisive 53% | buffer 200000 steps 13430 | 198.7 g/min eta 0.3h
  EVAL @7000: q-greedy 10-14-0 | policy-greedy 8-16-0 | search 8-0-0 (eval 13s)
[7025/10000] loss 1.976 (pi 1.905 v 0.061 q 0.007 c 0.005) | plies 116 decisive 56% | buffer 200000 steps 13474 | 197.3 g/min eta 0.3h
[7050/10000] loss 1.973 (pi 1.902 v 0.061 q 0.007 c 0.005) | plies 118 decisive 56% | buffer 200000 steps 13523 | 197.7 g/min eta 0.2h
[7075/10000] loss 1.973 (pi 1.901 v 0.061 q 0.007 c 0.006) | plies 119 decisive 55% | buffer 200000 steps 13572 | 198.2 g/min eta 0.2h
[7100/10000] loss 1.975 (pi 1.903 v 0.061 q 0.007 c 0.006) | plies 118 decisive 56% | buffer 200000 steps 13616 | 198.7 g/min eta 0.2h
[7125/10000] loss 1.973 (pi 1.901 v 0.061 q 0.007 c 0.006) | plies 118 decisive 56% | buffer 200000 steps 13663 | 198.8 g/min eta 0.2h
[7150/10000] loss 1.977 (pi 1.906 v 0.061 q 0.007 c 0.006) | plies 121 decisive 55% | buffer 200000 steps 13716 | 198.8 g/min eta 0.2h
[7175/10000] loss 1.980 (pi 1.909 v 0.060 q 0.007 c 0.007) | plies 118 decisive 56% | buffer 200000 steps 13760 | 199.0 g/min eta 0.2h
[7200/10000] loss 1.977 (pi 1.907 v 0.059 q 0.007 c 0.006) | plies 119 decisive 55% | buffer 200000 steps 13807 | 199.1 g/min eta 0.2h
[7225/10000] loss 1.972 (pi 1.903 v 0.059 q 0.007 c 0.006) | plies 122 decisive 53% | buffer 200000 steps 13855 | 199.2 g/min eta 0.2h
[7250/10000] loss 1.971 (pi 1.902 v 0.059 q 0.007 c 0.006) | plies 121 decisive 51% | buffer 200000 steps 13902 | 199.2 g/min eta 0.2h
[7275/10000] loss 1.970 (pi 1.901 v 0.060 q 0.007 c 0.005) | plies 122 decisive 50% | buffer 200000 steps 13947 | 199.3 g/min eta 0.2h
[7300/10000] loss 1.968 (pi 1.899 v 0.060 q 0.007 c 0.005) | plies 122 decisive 51% | buffer 200000 steps 13991 | 199.5 g/min eta 0.2h
[7325/10000] loss 1.966 (pi 1.896 v 0.060 q 0.007 c 0.006) | plies 124 decisive 50% | buffer 200000 steps 14040 | 199.5 g/min eta 0.2h
[7350/10000] loss 1.958 (pi 1.889 v 0.059 q 0.007 c 0.005) | plies 120 decisive 52% | buffer 200000 steps 14087 | 199.6 g/min eta 0.2h
[7375/10000] loss 1.954 (pi 1.885 v 0.059 q 0.007 c 0.005) | plies 123 decisive 50% | buffer 200000 steps 14136 | 199.6 g/min eta 0.2h
[7400/10000] loss 1.956 (pi 1.887 v 0.059 q 0.007 c 0.005) | plies 121 decisive 51% | buffer 200000 steps 14178 | 199.8 g/min eta 0.2h
[7425/10000] loss 1.957 (pi 1.888 v 0.060 q 0.007 c 0.005) | plies 118 decisive 55% | buffer 200000 steps 14222 | 199.9 g/min eta 0.2h
[7450/10000] loss 1.960 (pi 1.892 v 0.059 q 0.007 c 0.005) | plies 116 decisive 56% | buffer 200000 steps 14265 | 200.0 g/min eta 0.2h
[7475/10000] loss 1.961 (pi 1.893 v 0.059 q 0.007 c 0.005) | plies 117 decisive 57% | buffer 200000 steps 14316 | 200.0 g/min eta 0.2h
[7500/10000] loss 1.963 (pi 1.894 v 0.059 q 0.007 c 0.005) | plies 116 decisive 58% | buffer 200000 steps 14362 | 200.2 g/min eta 0.2h
  EVAL @7500: q-greedy 8-16-0 | policy-greedy 10-14-0 | search 8-0-0 (eval 13s)
[7525/10000] loss 1.961 (pi 1.892 v 0.059 q 0.007 c 0.006) | plies 115 decisive 58% | buffer 200000 steps 14409 | 199.0 g/min eta 0.2h
[7550/10000] loss 1.960 (pi 1.892 v 0.059 q 0.007 c 0.005) | plies 114 decisive 60% | buffer 200000 steps 14454 | 199.4 g/min eta 0.2h
[7575/10000] loss 1.959 (pi 1.890 v 0.059 q 0.007 c 0.005) | plies 113 decisive 61% | buffer 200000 steps 14500 | 199.8 g/min eta 0.2h
[7600/10000] loss 1.959 (pi 1.890 v 0.059 q 0.007 c 0.005) | plies 117 decisive 57% | buffer 200000 steps 14549 | 200.2 g/min eta 0.2h
[7625/10000] loss 1.954 (pi 1.886 v 0.058 q 0.007 c 0.005) | plies 118 decisive 54% | buffer 200000 steps 14594 | 200.4 g/min eta 0.2h
[7650/10000] loss 1.961 (pi 1.893 v 0.058 q 0.007 c 0.005) | plies 119 decisive 55% | buffer 200000 steps 14641 | 200.5 g/min eta 0.2h
[7675/10000] loss 1.956 (pi 1.887 v 0.059 q 0.007 c 0.005) | plies 118 decisive 54% | buffer 200000 steps 14685 | 200.6 g/min eta 0.2h
[7700/10000] loss 1.953 (pi 1.884 v 0.058 q 0.007 c 0.005) | plies 118 decisive 53% | buffer 200000 steps 14735 | 200.7 g/min eta 0.2h
[7725/10000] loss 1.956 (pi 1.887 v 0.058 q 0.007 c 0.005) | plies 118 decisive 53% | buffer 200000 steps 14778 | 200.7 g/min eta 0.2h
[7750/10000] loss 1.956 (pi 1.888 v 0.058 q 0.007 c 0.006) | plies 118 decisive 52% | buffer 200000 steps 14823 | 200.7 g/min eta 0.2h
[7775/10000] loss 1.954 (pi 1.885 v 0.059 q 0.007 c 0.006) | plies 118 decisive 52% | buffer 200000 steps 14870 | 200.8 g/min eta 0.2h
[7800/10000] loss 1.955 (pi 1.886 v 0.058 q 0.007 c 0.006) | plies 116 decisive 56% | buffer 200000 steps 14913 | 200.9 g/min eta 0.2h
[7825/10000] loss 1.954 (pi 1.886 v 0.058 q 0.007 c 0.006) | plies 115 decisive 57% | buffer 200000 steps 14956 | 201.0 g/min eta 0.2h
[7850/10000] loss 1.950 (pi 1.881 v 0.059 q 0.008 c 0.006) | plies 116 decisive 58% | buffer 200000 steps 15005 | 201.0 g/min eta 0.2h
[7875/10000] loss 1.946 (pi 1.876 v 0.059 q 0.007 c 0.006) | plies 116 decisive 59% | buffer 200000 steps 15052 | 201.2 g/min eta 0.2h
[7900/10000] loss 1.952 (pi 1.883 v 0.059 q 0.007 c 0.005) | plies 115 decisive 60% | buffer 200000 steps 15098 | 201.2 g/min eta 0.2h
[7925/10000] loss 1.958 (pi 1.888 v 0.060 q 0.007 c 0.006) | plies 116 decisive 60% | buffer 200000 steps 15143 | 201.3 g/min eta 0.2h
[7950/10000] loss 1.965 (pi 1.895 v 0.060 q 0.007 c 0.006) | plies 117 decisive 60% | buffer 200000 steps 15194 | 201.3 g/min eta 0.2h
[7975/10000] loss 1.959 (pi 1.889 v 0.059 q 0.008 c 0.007) | plies 116 decisive 60% | buffer 200000 steps 15238 | 201.4 g/min eta 0.2h
[8000/10000] loss 1.956 (pi 1.886 v 0.060 q 0.007 c 0.006) | plies 117 decisive 58% | buffer 200000 steps 15287 | 201.5 g/min eta 0.2h
  EVAL @8000: q-greedy 7-17-0 | policy-greedy 8-16-0 | search 8-0-0 (eval 12s)
[8025/10000] loss 1.954 (pi 1.885 v 0.059 q 0.007 c 0.006) | plies 117 decisive 58% | buffer 200000 steps 15333 | 200.4 g/min eta 0.2h
[8050/10000] loss 1.954 (pi 1.883 v 0.060 q 0.007 c 0.006) | plies 118 decisive 56% | buffer 200000 steps 15378 | 200.8 g/min eta 0.2h
[8075/10000] loss 1.956 (pi 1.886 v 0.059 q 0.007 c 0.006) | plies 118 decisive 52% | buffer 200000 steps 15422 | 201.2 g/min eta 0.2h
[8100/10000] loss 1.952 (pi 1.883 v 0.059 q 0.007 c 0.006) | plies 119 decisive 52% | buffer 200000 steps 15469 | 201.6 g/min eta 0.2h
[8125/10000] loss 1.950 (pi 1.880 v 0.059 q 0.007 c 0.006) | plies 120 decisive 52% | buffer 200000 steps 15517 | 201.7 g/min eta 0.2h
[8150/10000] loss 1.952 (pi 1.882 v 0.060 q 0.008 c 0.006) | plies 119 decisive 50% | buffer 200000 steps 15564 | 201.8 g/min eta 0.2h
[8175/10000] loss 1.955 (pi 1.884 v 0.060 q 0.008 c 0.006) | plies 121 decisive 49% | buffer 200000 steps 15614 | 201.8 g/min eta 0.2h
[8200/10000] loss 1.950 (pi 1.880 v 0.059 q 0.008 c 0.006) | plies 121 decisive 49% | buffer 200000 steps 15660 | 201.9 g/min eta 0.1h
[8225/10000] loss 1.952 (pi 1.883 v 0.059 q 0.008 c 0.006) | plies 123 decisive 48% | buffer 200000 steps 15704 | 202.0 g/min eta 0.1h
[8250/10000] loss 1.956 (pi 1.886 v 0.059 q 0.008 c 0.006) | plies 121 decisive 52% | buffer 200000 steps 15753 | 202.0 g/min eta 0.1h
[8275/10000] loss 1.944 (pi 1.875 v 0.059 q 0.008 c 0.006) | plies 122 decisive 55% | buffer 200000 steps 15805 | 202.1 g/min eta 0.1h
[8300/10000] loss 1.950 (pi 1.880 v 0.059 q 0.008 c 0.007) | plies 123 decisive 52% | buffer 200000 steps 15852 | 202.1 g/min eta 0.1h
[8325/10000] loss 1.947 (pi 1.877 v 0.059 q 0.008 c 0.006) | plies 123 decisive 52% | buffer 200000 steps 15900 | 202.2 g/min eta 0.1h
[8350/10000] loss 1.947 (pi 1.878 v 0.058 q 0.008 c 0.006) | plies 122 decisive 56% | buffer 200000 steps 15947 | 202.3 g/min eta 0.1h
[8375/10000] loss 1.946 (pi 1.877 v 0.058 q 0.008 c 0.006) | plies 120 decisive 58% | buffer 200000 steps 15993 | 202.4 g/min eta 0.1h
[8400/10000] loss 1.942 (pi 1.872 v 0.059 q 0.008 c 0.007) | plies 118 decisive 60% | buffer 200000 steps 16041 | 202.5 g/min eta 0.1h
[8425/10000] loss 1.947 (pi 1.878 v 0.058 q 0.008 c 0.007) | plies 120 decisive 57% | buffer 200000 steps 16089 | 202.5 g/min eta 0.1h
[8450/10000] loss 1.947 (pi 1.879 v 0.058 q 0.008 c 0.006) | plies 121 decisive 55% | buffer 200000 steps 16137 | 202.5 g/min eta 0.1h
[8475/10000] loss 1.948 (pi 1.879 v 0.058 q 0.008 c 0.006) | plies 120 decisive 55% | buffer 200000 steps 16185 | 202.5 g/min eta 0.1h
[8500/10000] loss 1.945 (pi 1.876 v 0.058 q 0.008 c 0.006) | plies 119 decisive 55% | buffer 200000 steps 16233 | 202.5 g/min eta 0.1h
  EVAL @8500: q-greedy 14-10-0 | policy-greedy 6-18-0 | search 8-0-0 (eval 13s)
[8525/10000] loss 1.946 (pi 1.877 v 0.058 q 0.008 c 0.006) | plies 120 decisive 56% | buffer 200000 steps 16284 | 201.2 g/min eta 0.1h
[8550/10000] loss 1.950 (pi 1.881 v 0.058 q 0.008 c 0.006) | plies 120 decisive 54% | buffer 200000 steps 16331 | 201.6 g/min eta 0.1h
[8575/10000] loss 1.950 (pi 1.881 v 0.059 q 0.008 c 0.006) | plies 123 decisive 51% | buffer 200000 steps 16378 | 201.9 g/min eta 0.1h
[8600/10000] loss 1.953 (pi 1.885 v 0.058 q 0.008 c 0.006) | plies 126 decisive 48% | buffer 200000 steps 16427 | 202.3 g/min eta 0.1h
[8625/10000] loss 1.954 (pi 1.886 v 0.057 q 0.008 c 0.006) | plies 125 decisive 49% | buffer 200000 steps 16476 | 202.4 g/min eta 0.1h
[8650/10000] loss 1.948 (pi 1.880 v 0.057 q 0.008 c 0.006) | plies 126 decisive 49% | buffer 200000 steps 16524 | 202.4 g/min eta 0.1h
[8675/10000] loss 1.944 (pi 1.876 v 0.057 q 0.008 c 0.006) | plies 127 decisive 47% | buffer 200000 steps 16570 | 202.5 g/min eta 0.1h
[8700/10000] loss 1.949 (pi 1.881 v 0.057 q 0.008 c 0.006) | plies 125 decisive 50% | buffer 200000 steps 16616 | 202.6 g/min eta 0.1h
[8725/10000] loss 1.951 (pi 1.883 v 0.058 q 0.008 c 0.006) | plies 124 decisive 50% | buffer 200000 steps 16662 | 202.7 g/min eta 0.1h
[8750/10000] loss 1.949 (pi 1.881 v 0.057 q 0.008 c 0.006) | plies 126 decisive 49% | buffer 200000 steps 16709 | 202.8 g/min eta 0.1h
[8775/10000] loss 1.951 (pi 1.884 v 0.057 q 0.008 c 0.006) | plies 124 decisive 50% | buffer 200000 steps 16752 | 202.9 g/min eta 0.1h
[8800/10000] loss 1.954 (pi 1.886 v 0.057 q 0.008 c 0.006) | plies 123 decisive 52% | buffer 200000 steps 16800 | 203.0 g/min eta 0.1h
[8825/10000] loss 1.956 (pi 1.887 v 0.058 q 0.008 c 0.006) | plies 122 decisive 52% | buffer 200000 steps 16846 | 203.0 g/min eta 0.1h
[8850/10000] loss 1.951 (pi 1.882 v 0.058 q 0.008 c 0.006) | plies 121 decisive 54% | buffer 200000 steps 16895 | 203.1 g/min eta 0.1h
[8875/10000] loss 1.946 (pi 1.878 v 0.058 q 0.008 c 0.006) | plies 122 decisive 52% | buffer 200000 steps 16945 | 203.1 g/min eta 0.1h
[8900/10000] loss 1.944 (pi 1.874 v 0.058 q 0.008 c 0.006) | plies 123 decisive 52% | buffer 200000 steps 16990 | 203.2 g/min eta 0.1h
[8925/10000] loss 1.943 (pi 1.874 v 0.058 q 0.008 c 0.006) | plies 123 decisive 50% | buffer 200000 steps 17038 | 203.3 g/min eta 0.1h
[8950/10000] loss 1.941 (pi 1.872 v 0.058 q 0.008 c 0.006) | plies 121 decisive 52% | buffer 200000 steps 17085 | 203.4 g/min eta 0.1h
[8975/10000] loss 1.943 (pi 1.873 v 0.059 q 0.008 c 0.006) | plies 122 decisive 52% | buffer 200000 steps 17133 | 203.4 g/min eta 0.1h
[9000/10000] loss 1.951 (pi 1.881 v 0.059 q 0.008 c 0.006) | plies 119 decisive 55% | buffer 200000 steps 17176 | 203.5 g/min eta 0.1h
  EVAL @9000: q-greedy 4-20-0 | policy-greedy 12-12-0 | search 8-0-0 (eval 10s)
[9025/10000] loss 1.951 (pi 1.880 v 0.059 q 0.008 c 0.008) | plies 117 decisive 55% | buffer 200000 steps 17221 | 202.7 g/min eta 0.1h
[9050/10000] loss 1.953 (pi 1.883 v 0.059 q 0.008 c 0.007) | plies 119 decisive 52% | buffer 200000 steps 17270 | 203.1 g/min eta 0.1h
[9075/10000] loss 1.948 (pi 1.878 v 0.059 q 0.008 c 0.006) | plies 117 decisive 56% | buffer 200000 steps 17320 | 203.4 g/min eta 0.1h
[9100/10000] loss 1.954 (pi 1.884 v 0.059 q 0.008 c 0.007) | plies 117 decisive 56% | buffer 200000 steps 17367 | 203.8 g/min eta 0.1h
[9125/10000] loss 1.959 (pi 1.889 v 0.058 q 0.008 c 0.007) | plies 118 decisive 56% | buffer 200000 steps 17416 | 203.8 g/min eta 0.1h
[9150/10000] loss 1.954 (pi 1.884 v 0.058 q 0.008 c 0.006) | plies 119 decisive 56% | buffer 200000 steps 17461 | 203.9 g/min eta 0.1h
[9175/10000] loss 1.955 (pi 1.885 v 0.059 q 0.008 c 0.006) | plies 120 decisive 54% | buffer 200000 steps 17509 | 203.9 g/min eta 0.1h
[9200/10000] loss 1.960 (pi 1.892 v 0.058 q 0.008 c 0.006) | plies 123 decisive 51% | buffer 200000 steps 17559 | 203.9 g/min eta 0.1h
[9225/10000] loss 1.956 (pi 1.887 v 0.058 q 0.008 c 0.006) | plies 124 decisive 52% | buffer 200000 steps 17607 | 204.1 g/min eta 0.1h
[9250/10000] loss 1.952 (pi 1.883 v 0.058 q 0.008 c 0.006) | plies 125 decisive 52% | buffer 200000 steps 17658 | 204.1 g/min eta 0.1h
[9275/10000] loss 1.954 (pi 1.884 v 0.058 q 0.008 c 0.006) | plies 125 decisive 52% | buffer 200000 steps 17705 | 204.2 g/min eta 0.1h
[9300/10000] loss 1.960 (pi 1.891 v 0.059 q 0.008 c 0.006) | plies 127 decisive 53% | buffer 200000 steps 17755 | 204.2 g/min eta 0.1h
[9325/10000] loss 1.958 (pi 1.889 v 0.058 q 0.008 c 0.006) | plies 127 decisive 54% | buffer 200000 steps 17805 | 204.2 g/min eta 0.1h
[9350/10000] loss 1.946 (pi 1.876 v 0.059 q 0.008 c 0.006) | plies 128 decisive 53% | buffer 200000 steps 17856 | 204.2 g/min eta 0.1h
[9375/10000] loss 1.945 (pi 1.876 v 0.059 q 0.008 c 0.006) | plies 124 decisive 57% | buffer 200000 steps 17901 | 204.3 g/min eta 0.1h
[9400/10000] loss 1.948 (pi 1.878 v 0.059 q 0.008 c 0.006) | plies 125 decisive 57% | buffer 200000 steps 17950 | 204.3 g/min eta 0.0h
[9425/10000] loss 1.946 (pi 1.877 v 0.059 q 0.008 c 0.006) | plies 125 decisive 56% | buffer 200000 steps 17998 | 204.3 g/min eta 0.0h
[9450/10000] loss 1.945 (pi 1.875 v 0.058 q 0.008 c 0.006) | plies 124 decisive 56% | buffer 200000 steps 18047 | 204.4 g/min eta 0.0h
[9475/10000] loss 1.942 (pi 1.873 v 0.058 q 0.008 c 0.006) | plies 124 decisive 57% | buffer 200000 steps 18095 | 204.4 g/min eta 0.0h
[9500/10000] loss 1.945 (pi 1.876 v 0.058 q 0.008 c 0.006) | plies 124 decisive 55% | buffer 200000 steps 18143 | 204.5 g/min eta 0.0h
  EVAL @9500: q-greedy 6-18-0 | policy-greedy 11-13-0 | search 8-0-0 (eval 12s)
[9525/10000] loss 1.949 (pi 1.880 v 0.058 q 0.008 c 0.006) | plies 125 decisive 54% | buffer 200000 steps 18194 | 203.5 g/min eta 0.0h
[9550/10000] loss 1.952 (pi 1.883 v 0.058 q 0.008 c 0.006) | plies 123 decisive 55% | buffer 200000 steps 18240 | 203.8 g/min eta 0.0h
[9575/10000] loss 1.953 (pi 1.884 v 0.059 q 0.008 c 0.006) | plies 125 decisive 53% | buffer 200000 steps 18290 | 204.1 g/min eta 0.0h
[9600/10000] loss 1.954 (pi 1.884 v 0.059 q 0.008 c 0.006) | plies 126 decisive 53% | buffer 200000 steps 18340 | 204.4 g/min eta 0.0h
[9625/10000] loss 1.951 (pi 1.881 v 0.059 q 0.008 c 0.006) | plies 126 decisive 53% | buffer 200000 steps 18389 | 204.6 g/min eta 0.0h
[9650/10000] loss 1.951 (pi 1.881 v 0.059 q 0.008 c 0.007) | plies 125 decisive 54% | buffer 200000 steps 18438 | 204.6 g/min eta 0.0h
[9675/10000] loss 1.956 (pi 1.886 v 0.059 q 0.008 c 0.006) | plies 127 decisive 51% | buffer 200000 steps 18489 | 204.6 g/min eta 0.0h
[9700/10000] loss 1.953 (pi 1.883 v 0.059 q 0.008 c 0.006) | plies 126 decisive 52% | buffer 200000 steps 18536 | 204.7 g/min eta 0.0h
[9725/10000] loss 1.953 (pi 1.882 v 0.060 q 0.008 c 0.006) | plies 123 decisive 56% | buffer 200000 steps 18584 | 204.7 g/min eta 0.0h
[9750/10000] loss 1.946 (pi 1.876 v 0.058 q 0.008 c 0.006) | plies 125 decisive 54% | buffer 200000 steps 18633 | 204.7 g/min eta 0.0h
[9775/10000] loss 1.944 (pi 1.874 v 0.058 q 0.008 c 0.007) | plies 127 decisive 50% | buffer 200000 steps 18683 | 204.6 g/min eta 0.0h
[9800/10000] loss 1.945 (pi 1.874 v 0.059 q 0.008 c 0.007) | plies 127 decisive 52% | buffer 200000 steps 18735 | 204.7 g/min eta 0.0h
[9825/10000] loss 1.948 (pi 1.878 v 0.059 q 0.008 c 0.007) | plies 127 decisive 52% | buffer 200000 steps 18786 | 204.7 g/min eta 0.0h
[9850/10000] loss 1.954 (pi 1.883 v 0.059 q 0.008 c 0.007) | plies 127 decisive 52% | buffer 200000 steps 18832 | 204.8 g/min eta 0.0h
[9875/10000] loss 1.951 (pi 1.881 v 0.058 q 0.008 c 0.007) | plies 124 decisive 53% | buffer 200000 steps 18878 | 204.9 g/min eta 0.0h
[9900/10000] loss 1.943 (pi 1.874 v 0.058 q 0.008 c 0.007) | plies 124 decisive 55% | buffer 200000 steps 18926 | 204.9 g/min eta 0.0h
[9925/10000] loss 1.949 (pi 1.879 v 0.058 q 0.008 c 0.006) | plies 127 decisive 50% | buffer 200000 steps 18975 | 204.9 g/min eta 0.0h
[9950/10000] loss 1.947 (pi 1.877 v 0.059 q 0.008 c 0.006) | plies 126 decisive 51% | buffer 200000 steps 19023 | 205.0 g/min eta 0.0h
[9975/10000] loss 1.949 (pi 1.879 v 0.059 q 0.008 c 0.006) | plies 124 decisive 55% | buffer 200000 steps 19073 | 205.0 g/min eta 0.0h
[10000/10000] loss 1.951 (pi 1.882 v 0.058 q 0.008 c 0.006) | plies 123 decisive 54% | buffer 200000 steps 19120 | 205.1 g/min eta 0.0h
  EVAL @10000: q-greedy 7-17-0 | policy-greedy 10-14-0 | search 8-0-0 (eval 14s)
done: 10000 games, 19120 steps in 0.85h
